
running 1811 tests
test api::schema::components::source::tests::sort_component_type_asc ... ok
test api::schema::components::source::tests::sort_output_type_desc ... ok
test api::schema::components::source::tests::sort_component_type_desc ... ok
test api::schema::components::sink::tests::sort_component_id_asc ... ok
test api::schema::components::sink::tests::sort_component_id_desc ... ok
test api::schema::components::sink::tests::sort_component_type_desc ... ok
test api::schema::components::sink::tests::sort_component_type_asc ... ok
test api::schema::components::source::tests::sort_component_id_desc ... ok
test api::schema::components::source::tests::sort_output_type_asc ... ok
test api::schema::components::tests::components_sort_desc ... ok
test api::schema::components::tests::components_sort_asc ... ok
test api::schema::components::tests::components_sort_multi ... ok
test api::schema::components::tests::components_filter_and ... ok
test api::schema::components::tests::components_filter_contains ... ok
test api::schema::components::tests::components_filter_equals_or ... ok
test api::schema::components::tests::components_filter_and_or ... ok
test api::schema::filter::test::string_equals ... ok
test api::schema::filter::test::string_contains ... ok
test api::schema::filter::test::string_not_contains ... ok
test api::schema::components::transform::tests::sort_component_id_desc ... ok
test api::schema::components::transform::tests::sort_component_type_asc ... ok
test api::schema::components::transform::tests::sort_component_id_asc ... ok
test api::schema::components::transform::tests::sort_component_type_desc ... ok
test api::schema::filter::test::string_not_equals ... ok
test api::schema::filter::test::string_starts_with ... ok
test api::schema::filter::test::string_multiple_all_match ... ok
test api::schema::filter::test::string_ends_with ... ok
test app::tests::has_dat_files_returns_false_for_missing_dir ... ok
test app::tests::has_dat_files_returns_false_for_empty_dir ... ok
test app::tests::has_dat_files_returns_true_when_dat_present ... ok
test app::tests::has_dat_files_returns_false_for_non_dat_files ... ok
test api::schema::components::source::tests::filter_output_type ... ok
test api::schema::metrics::source::file::tests::sort_name_desc ... ok
test api::schema::metrics::source::file::tests::sort_name_asc ... ok
test api::schema::metrics::source::file::tests::processed_events_asc ... ok
test api::schema::metrics::source::file::tests::processed_events_desc ... ok
test api::schema::metrics::source::file::tests::received_bytes_asc ... ok
test api::schema::metrics::source::file::tests::received_bytes_desc ... ok
test aws::auth::tests::parsing_default ... ok
test aws::auth::tests::parsing_old_assume_role ... ok
test aws::auth::tests::parsing_file ... ok
test aws::auth::tests::parsing_static ... ok
test aws::auth::tests::parsing_default_with_region ... ok
test aws::auth::tests::parsing_default_with_load_timeout ... ok
test aws::auth::tests::parsing_external_id_with_assume_role ... ok
test aws::auth::tests::parsing_assume_role ... ok
test aws::auth::tests::parsing_session_name_with_assume_role ... ok
test aws::auth::tests::parsing_both_assume_role ... ok
test aws::auth::tests::parsing_static_with_assume_role ... ok
test aws::auth::tests::parsing_static_with_assume_role_and_external_id ... ok
test aws::auth::tests::parsing_default_with_imds_client ... ok
test aws::auth::tests::parsing_assume_role_with_imds_client ... ok
test aws::region::tests::optional ... ok
test aws::region::tests::endpoint_optional ... ok
test aws::region::tests::region_optional ... ok
test common::backoff::tests::test_backoff_reset ... ok
test common::backoff::tests::test_exponential_backoff_sequence ... ok
test aws::timeout::tests::parsing_timeout_configuration ... ok
test common::http::server_auth::tests::build_basic_auth_should_use_username_password_related_message ... ok
test common::http::server_auth::tests::build_basic_auth_should_use_encode_basic_header ... ok
test common::http::server_auth::tests::build_basic_auth_should_always_work ... ok
test common::http::server_auth::tests::basic_auth_matcher_should_return_401_when_missing_auth_header ... ok
test common::http::server_auth::tests::basic_auth_matcher_should_return_ok_for_correct_credentials ... ok
test common::http::server_auth::tests::basic_auth_matcher_should_return_401_and_with_wrong_credentials ... ok
test common::datadog::tests::gets_correct_api_base_endpoint ... ok
test common::datadog::tests::computes_correct_api_endpoint ... ok
test common::http::server_auth::tests::config_should_default_to_basic ... ok
test common::http::server_auth::tests::config_should_support_custom_strategy ... ok
test common::http::server_auth::tests::config_should_support_explicit_basic_strategy ... ok
test async_read::tests::test_read_line_with_shutdown ... ok
test async_read::tests::test_read_line_without_shutdown ... ok
test common::http::server_auth::tests::build_custom_should_success_on_proper_source_with_boolean_return_type ... ok
test common::http::server_auth::tests::custom_auth_matcher_should_work_with_missing_address_too ... ok
test common::http::server_auth::tests::custom_auth_matcher_should_return_ok_for_true_vrl_script_result ... ok
test common::http::server_auth::tests::custom_auth_matcher_should_be_able_to_check_address ... ok
test common::http::server_auth::tests::custom_auth_matcher_should_return_401_for_false_vrl_script_result ... ok
test common::http::server_auth::tests::custom_auth_matcher_should_return_401_with_wrong_path ... ok
test common::http::server_auth::tests::custom_auth_matcher_should_be_able_to_check_path ... ok
test common::http::server_auth::tests::custom_auth_matcher_should_return_401_for_failed_script_execution ... ok
test conditions::is_metric::test::is_metric_matches_otel_metric ... ok
test conditions::is_trace::test::is_trace_matches_otel_span ... ok
test conditions::is_log::test::is_log_matches_otel_log ... ok
test conditions::is_metric::test::is_metric_basic ... ok
test conditions::is_trace::test::is_trace_basic ... ok
test conditions::is_log::test::is_log_basic ... ok
test conditions::tests::deserialize_anycondition_default ... ok
test config::api::bool_merge ... ok
test config::api::bind_merge ... ok
test config::api::bind_conflict ... ok
test conditions::vrl::test::generate_config ... ok
test conditions::datadog_search::test::generate_config ... ok
test common::http::server_auth::tests::build_custom_should_fail_on_non_boolean_return_type ... ok
test common::http::server_auth::tests::build_custom_should_fail_on_invalid_source ... ok
test config::cmd::tests::test_array_override ... ok
test conditions::tests::deserialize_anycondition_vrl ... ok
test config::format::tests::test_from_path ... ok
test conditions::vrl::test::check_vrl ... ok
test config::graph::test::allows_log_or_metric_into_any ... ok
test config::graph::test::allows_any_into_log_or_metric ... ok
test config::graph::test::allows_both_directions_for_metrics ... ok
test config::graph::test::detects_type_mismatches ... ok
test config::graph::test::allows_multiple_transform_outputs ... ok
test config::graph::test::disallows_ambiguous_inputs ... ok
test config::graph::test::paths_doesnt_detect_noncycles ... ok
test config::graph::test::paths_to_sink_irrelevant_transforms ... ok
test config::graph::test::paths_detects_cycles ... ok
test config::graph::test::paths_to_sink_multiple_inputs_into_sink ... ok
test config::graph::test::paths_to_sink_non_existent_root ... ok
test config::graph::test::paths_to_sink_simple ... ok
test config::graph::test::wildcard_matching ... ok
test config::loading::config_builder::tests::load_directory_ignores_unknown_file_formats ... ok
test config::compiler::test::glob_expansion ... ok
test config::cmd::tests::include_defaults_does_not_include_env_vars ... ok
test config::loading::config_builder::tests::load_directory_globals ... ok
test config::loading::config_builder::tests::load_directory_globals_duplicates ... ok
test config::acknowledgements_tests::propagates_settings ... ok
test config::diff::tests::diff_enrichment_tables_uses_correct_keys ... ok
test config::resource_config_tests::generate_component_config_schema ... ignored
test config::loading::secret::tests::replacement ... ok
test config::loading::secret::tests::collection_duplicates ... ok
test config::loading::secret::tests::collection ... ok
test config::resource_config_tests::config_conflict_detected ... ok
test config::resource_tests::different_unspecified_ip_version ... ok
test config::format::tests::test_deserialize_matches_toml ... ok
test config::loading::config_builder::tests::load_namespacing_ignore_invalid ... ok
test config::loading::config_builder::tests::load_namespacing_folder ... ok
test config::schema::test::test_append ... ok
test config::tests::config_append ... ok
test config::tests::bad_inputs ... ok
test config::tests::config_append_collisions ... ok
test config::tests::conflicting_fd_resources ... ok
test config::tests::conflicting_stdin_and_fd_resources ... ok
test config::tests::custom_schema ... ok
test config::tests::default_data_dir ... ok
test config::tests::cycle ... ok
test config::tests::default_schema ... ok
test config::tests::duplicate_name ... ok
test config::resource_tests::different_protocol ... ok
test config::tests::with_partial_global_proxy ... ok
test config::resource_tests::conflicting_pair ... ok
test config::tests::with_partial_source_proxy ... ok
test config::resource_tests::conflicting_multi ... ok
test config::resource_tests::valid ... ok
test config::tests::with_proxy ... ok
test config::resource_tests::unspecified_network_interface ... ok
test config::resource_tests::different_network_interface ... ok
test config::unit_test::tests::parse_bad_input_event ... ok
test config::unit_test::tests::parse_no_test_input ... ok
test config::tests::warnings ... ok
test config::unit_test::tests::parse_no_outputs ... ok
test config::unit_test::tests::parse_invalid_output_targets ... ok
test config::unit_test::tests::parse_no_input ... ok
test config::tests::no_conflict_fd_resources ... ok
test config::unit_test::tests::parse_broken_topology ... ok
test config::unit_test::tests::test_fail_no_outputs ... ok
test config::unit_test::tests::test_metric_input ... ok
test config::unit_test::tests::test_log_input ... ok
test config::unit_test::tests::test_glob_input ... ok
test config::unit_test::tests::test_no_outputs_from ... ok
test config::unit_test::tests::test_fails ... ok
test config::unit_test::tests::test_dropped_branch ... ok
test config::unit_test::tests::test_fail_two_output_events ... ok
test config::vars::test::interpolation ... ok
test config::vars::test::test_multiline_expansion_prevented ... ok
test config::unit_test::tests::test_no_outputs_from_chained ... ok
test config::unit_test::tests::test_route ... ok
test config::unit_test::tests::test_success ... ok
test config::unit_test::tests::test_success_over_gap ... ok
test config::unit_test::tests::test_success_tree ... ok
test config::unit_test::tests::test_success_multi_inputs ... ok
test convert_config::tests::invalid_path_opts ... ok
test convert_config::tests::convert_all_from_dir ... ok
test dns::tests::resolve_ipv4 ... ok
test dns::tests::resolve_ipv6 ... ok
test dns::tests::resolve_localhost ... ok
test config::unit_test::tests::test_task_transform ... ok
test dns::tests::resolve_example ... ok
test encoding_transcode::tests::test_decoder_bom_removal ... ok
test encoding_transcode::tests::test_decoder_replacements ... ok
test encoding_transcode::tests::test_decoder_various ... ok
test encoding_transcode::tests::test_encoder_replacements ... ok
test encoding_transcode::tests::test_encoder_various ... ok
test encoding_transcode::tests::test_transcode_symmetry ... ok
test enrichment_tables::file::tests::doesnt_find_row ... ok
test enrichment_tables::file::tests::doesnt_find_row_with_index ... ok
test enrichment_tables::file::tests::doesnt_find_row_with_index_and_wildcard ... ok
test encoding_transcode::tests::test_encoder_long_input ... ok
test enrichment_tables::file::tests::duplicate_indexes ... ok
test enrichment_tables::file::tests::errors_on_missing_columns ... ok
test enrichment_tables::file::tests::finds_row ... ok
test enrichment_tables::file::tests::finds_row_between_dates ... ok
test encoding_transcode::tests::test_decoder_long_input ... ok
test enrichment_tables::file::tests::finds_row_from_date ... ok
test enrichment_tables::file::tests::finds_row_with_index ... ok
test enrichment_tables::file::tests::finds_row_to_date ... ok
test enrichment_tables::file::tests::finds_row_with_index_case_sensitive_and_wildcard ... ok
test enrichment_tables::file::tests::finds_row_with_wildcard ... ok
test enrichment_tables::file::tests::finds_rows_with_index_case_insensitive ... ok
test enrichment_tables::file::tests::finds_rows_with_index_case_insensitive_and_wildcard ... ok
test enrichment_tables::file::tests::finds_rows_with_index_case_sensitive ... ok
test enrichment_tables::file::tests::parse_column ... ok
test enrichment_tables::file::tests::seahash ... ok
test enrichment_tables::file::tests::parse_file_no_headers ... ok
test enrichment_tables::file::tests::selects_columns ... ok
test enrichment_tables::file::tests::parse_file_with_headers ... ok
test enrichment_tables::geoip::tests::anonymous_ip_lookup_no_results ... ok
test enrichment_tables::geoip::tests::anonymous_ip_lookup ... ok
test enrichment_tables::geoip::tests::city_lookup_no_results ... ok
test enrichment_tables::geoip::tests::city_partial_lookup ... ok
test enrichment_tables::geoip::tests::city_lookup_partial_results ... ok
test enrichment_tables::geoip::tests::city_lookup ... ok
test enrichment_tables::geoip::tests::connection_type_lookup_missing ... ok
test enrichment_tables::geoip::tests::connection_type_lookup_success ... ok
test enrichment_tables::geoip::tests::custom_mmdb_type_error ... ok
test enrichment_tables::geoip::tests::isp_lookup_no_results ... ok
test enrichment_tables::geoip::tests::isp_lookup_partial_results ... ok
test enrichment_tables::geoip::tests::isp_lookup ... ok
test enrichment_tables::memory::table::tests::does_not_show_values_before_flush_interval ... ok
test enrichment_tables::memory::table::tests::calculates_ttl_override ... ok
test enrichment_tables::memory::table::tests::calculates_ttl ... ok
test enrichment_tables::memory::table::tests::finds_row ... ok
test enrichment_tables::memory::table::tests::flush_metrics_without_interval ... ok
test enrichment_tables::memory::table::tests::flush_metrics_with_key ... ok
test enrichment_tables::memory::table::tests::ignores_all_values_over_byte_size_limit ... ok
test enrichment_tables::memory::table::tests::ignores_values_when_byte_size_limit_is_reached ... ok
test enrichment_tables::memory::table::tests::flush_metrics_without_key ... ok
test enrichment_tables::memory::table::tests::missing_key ... ok
test enrichment_tables::memory::table::tests::removes_expired_records_on_scan_interval ... ok
test enrichment_tables::memory::table::tests::sink_spec_compliance ... ok
test enrichment_tables::memory::table::tests::updates_ttl_on_value_replacement ... ok
test enrichment_tables::mmdb::tests::city_partial_lookup ... ok
test enrichment_tables::mmdb::tests::connection_type_lookup_success ... ok
test enrichment_tables::mmdb::tests::custom_mmdb_type ... ok
test enrichment_tables::mmdb::tests::isp_lookup ... ok
test enrichment_tables::mmdb::tests::lookup_missing ... ok
test expiring_hash_map::tests::next_expired_api_allows_inserting_items ... ok
test expiring_hash_map::tests::next_expired_does_not_wake_when_the_value_is_available_upfront ... ok
test expiring_hash_map::tests::next_expired_is_pending_with_a_non_empty_map ... ok
test expiring_hash_map::tests::next_expired_is_pending_with_empty_map ... ok
test expiring_hash_map::tests::next_expired_wakes_and_becomes_ready_when_value_ttl_expires ... ok
test extra_context::tests::duplicate_types ... ok
test extra_context::tests::get_fetches_item ... ok
test extra_context::tests::get_or_default_fetches_item ... ok
test gcp::tests::fails_bad_api_key ... ok
test conditions::datadog_search::test::event_filter ... ok
test gcp::tests::skip_authentication ... ok
test gcp::tests::uses_api_key ... ok
test conditions::datadog_search::test::check_datadog ... ok
test generate::tests::generate_all::case_2 ... ok
test generate::tests::generate_all::case_1 ... ok
test generate::tests::generate_basic_json ... ok
test generate::tests::generate_basic_toml ... ok
test generate::tests::generate_basic_yaml ... ok
test generate::tests::generate_configfile ... ok
test http::tests::test_default_request_headers_defaults ... ok
test http::tests::test_default_request_headers_does_not_overwrite ... ok
test http::tests::test_jittered_duration ... ok
test http::tests::test_max_connection_age_service ... ok
test http::tests::test_max_connection_age_service_http2 ... ok
test http::tests::test_max_connection_age_service_http3 ... ok
test generate::tests::generate_all::case_3 ... ok
test http::tests::test_max_connection_age_service_zero_duration ... ok
test internal_events::open::tests::eventually_consistent ... ok
test internal_events::parser::test::truncate_utf8 ... ok
test kubernetes::meta_cache::tests::cache_should_check_active ... ok
test kubernetes::meta_cache::tests::cache_should_delete_data ... ok
test kubernetes::meta_cache::tests::cache_should_store_data ... ok
test kubernetes::pod_manager_logic::tests::test_extract_static_pod_config_hashsum ... ok
test enrichment_tables::memory::table::tests::flush_metrics_with_interval ... ok
test config::cmd::tests::output_is_a_valid_config ... ok
test http::tests::test_max_connection_age_service_with_hyper_server ... ok
test line_agg::tests::legacy ... ok
test line_agg::tests::mode_continue_past_1 ... ok
test line_agg::tests::mode_continue_through_1 ... ok
test kubernetes::reflector::tests::applied_should_add_object ... ok
test line_agg::tests::mode_halt_before_1 ... ok
test line_agg::tests::mode_halt_with_1 ... ok
test line_agg::tests::two_lines_emit_with_continue_through ... ok
test line_agg::tests::two_lines_emit_with_halt_before ... ok
test line_agg::tests::use_case_java_exception ... ok
test line_agg::tests::use_case_ruby_exception ... ok
test nats::tests::auth_credentials_file_missing ... ok
test nats::tests::auth_credentials_file_ok ... ok
test nats::tests::auth_nkey_missing_both ... ok
test nats::tests::auth_nkey_missing_nkey ... ok
test nats::tests::auth_nkey_missing_seed ... ok
test nats::tests::auth_nkey_ok ... ok
test nats::tests::auth_token_missing ... ok
test nats::tests::auth_token_ok ... ok
test nats::tests::auth_user_password_missing_all ... ok
test nats::tests::auth_user_password_missing_password ... ok
test nats::tests::auth_user_password_missing_user ... ok
test nats::tests::auth_user_password_ok ... ok
test secrets::exec::tests::test_exec_backend::case_1 ... ok
test secrets::exec::tests::test_exec_backend::case_2 ... ok
test secrets::exec::tests::test_exec_backend_missing_secrets ... ok
test sinks::amqp::config::tests::generate_config ... ok
test sinks::amqp::config::tests::parse_config_priority_static ... ok
test sinks::amqp::config::tests::parse_config_priority_templated ... ok
test sinks::appsignal::config::test::endpoint_uri_with_path ... ok
test sinks::appsignal::config::test::endpoint_uri_with_trailing_slash ... ok
test sinks::appsignal::config::test::generate_config ... ok
test sinks::appsignal::normalizer::tests::absolute_counter ... ok
test sinks::appsignal::normalizer::tests::absolute_gauge ... ok
test sinks::appsignal::normalizer::tests::incremental_counter ... ok
test sinks::appsignal::normalizer::tests::incremental_gauge ... ok
test sinks::appsignal::normalizer::tests::mixed_counter ... ok
test sinks::appsignal::normalizer::tests::mixed_gauge ... ok
test sinks::appsignal::normalizer::tests::other_metrics ... ok
test sinks::appsignal::tests::component_spec_compliance ... ok
test sinks::aws_cloudwatch_logs::config::tests::test_generate_config ... ok
test sinks::aws_cloudwatch_logs::request_builder::tests::test ... ok
test sinks::aws_cloudwatch_logs::request_builder::tests::test_rejects_oversized_log_event ... ok
test sinks::aws_cloudwatch_logs::retry::test::test_throttle_retry ... ok
test sinks::aws_cloudwatch_metrics::tests::encode_events_absolute_gauge ... ok
test sinks::aws_cloudwatch_metrics::tests::encode_events_basic_counter ... ok
test sinks::aws_cloudwatch_metrics::tests::encode_events_distribution ... ok
test config::cmd::tests::output_has_consistent_ordering ... ok
test sinks::aws_cloudwatch_metrics::tests::generate_config ... ok
test sinks::aws_cloudwatch_metrics::tests::encode_events_set ... ok
test gcp::tests::fails_missing_creds ... ok
test sinks::aws_kinesis::firehose::tests::generate_config ... ok
test sinks::aws_kinesis::streams::config::tests::generate_config ... ok
test sinks::aws_kinesis::streams::record::tests::test_extract_failed_records_all_failures ... ok
test sinks::aws_kinesis::streams::record::tests::test_extract_failed_records_all_success ... ok
test sinks::aws_kinesis::streams::record::tests::test_extract_failed_records_mixed_success_failure ... ok
test sinks::aws_kinesis::firehose::tests::check_batch_events ... ok
test sinks::aws_kinesis::firehose::tests::check_batch_size ... ok
test sinks::aws_s3::config::tests::generate_config ... ok
test sinks::aws_s3::sink::tests::test_format_s3_key ... ok
test sinks::axiom::config::test::test_both_url_and_region_fails_validation ... ok
test sinks::axiom::config::test::generate_config ... ok
test sinks::axiom::config::test::test_default_no_config ... ok
test sinks::axiom::config::test::test_dev_environment_edges ... ok
test sinks::axiom::config::test::test_production_regional_edges ... ok
test sinks::axiom::config::test::test_region_domain_only ... ok
test sinks::axiom::config::test::test_staging_environment_edges ... ok
test sinks::axiom::config::test::test_url_or_region_deserialization_with_region ... ok
test sinks::axiom::config::test::test_url_or_region_deserialization_with_url ... ok
test sinks::axiom::config::test::test_url_with_custom_path ... ok
test sinks::axiom::config::test::test_url_without_path_backwards_compat ... ok
test sinks::azure_blob::test::azure_blob_build_request_with_compression ... ok
test sinks::azure_blob::test::azure_blob_build_request_with_uuid ... ok
test sinks::azure_blob::test::azure_blob_build_request_without_compression ... ok
test sinks::azure_blob::test::generate_config ... ok
test sinks::azure_common::connection_string::tests::parse_access_key_public_cloud ... ok
test sinks::azure_common::connection_string::tests::parse_development_storage_with_defaults ... ok
test sinks::azure_blob::test::azure_blob_build_request_with_time_format ... ok
test sinks::azure_common::connection_string::tests::parse_development_storage_with_proxy ... ok
test sinks::azure_common::connection_string::tests::parse_invalid_pairs ... ok
test sinks::azure_common::connection_string::tests::parse_sas_with_blob_endpoint ... ok
test sinks::azure_common::connection_string::tests::parse_sas_with_leading_question_mark ... ok
test sinks::azure_monitor_logs::tests::correct_host ... ok
test sinks::azure_monitor_logs::tests::encode_valid ... ok
test sinks::azure_monitor_logs::tests::fails_config_missing_fields ... ok
test sinks::azure_monitor_logs::tests::fails_invalid_base64 ... ok
test sinks::azure_monitor_logs::tests::fails_missing_creds ... ok
test sinks::azure_monitor_logs::tests::generate_config ... ok
test sinks::blackhole::config::tests::generate_config ... ok
test sinks::blackhole::tests::blackhole ... ok
test sinks::clickhouse::arrow::parser::tests::test_array_type ... ok
test sinks::clickhouse::arrow::parser::tests::test_array_type_parsing ... ok
test sinks::clickhouse::arrow::parser::tests::test_clickhouse_type_mapping ... ok
test sinks::clickhouse::arrow::parser::tests::test_complex_nested_types ... ok
test sinks::clickhouse::arrow::parser::tests::test_datetime64_precision_mapping ... ok
test sinks::clickhouse::arrow::parser::tests::test_decimal_type_mapping ... ok
test sinks::clickhouse::arrow::parser::tests::test_is_nullable ... ok
test sinks::clickhouse::arrow::parser::tests::test_lowcardinality_type_mapping ... ok
test sinks::clickhouse::arrow::parser::tests::test_map_type ... ok
test sinks::clickhouse::arrow::parser::tests::test_map_type_parsing ... ok
test sinks::clickhouse::arrow::parser::tests::test_named_tuple_fields ... ok
test sinks::clickhouse::arrow::parser::tests::test_nullable_type_mapping ... ok
test sinks::clickhouse::arrow::parser::tests::test_parse_lowcardinality ... ok
test sinks::clickhouse::arrow::parser::tests::test_parse_nullable ... ok
test sinks::clickhouse::arrow::parser::tests::test_parse_primitives ... ok
test sinks::clickhouse::arrow::parser::tests::test_tuple_type ... ok
test sinks::clickhouse::arrow::parser::tests::test_tuple_type_parsing ... ok
test sinks::clickhouse::arrow::parser::tests::test_unknown_type_fails ... ok
test sinks::clickhouse::arrow::schema::tests::test_parse_schema ... ok
test sinks::clickhouse::arrow::schema::tests::test_parse_schema_with_type_parameters ... ok
test sinks::clickhouse::arrow::schema::tests::test_schema_field_ordering ... ok
test sinks::clickhouse::config::tests::generate_config ... ok
test sinks::azure_monitor_logs::tests::component_spec_compliance ... ok
test sinks::clickhouse::config::tests::test_format_selection_without_batch_encoding ... ok
test sinks::clickhouse::config::tests::test_get_healthcheck_uri ... ok
test sinks::azure_monitor_logs::tests::correct_request ... ok
test sinks::clickhouse::service::tests::encode_invalid ... ok
test sinks::clickhouse::service::tests::encode_valid ... ok
test sinks::console::config::tests::generate_config ... ok
test sinks::databend::config::tests::generate_config ... ok
test sinks::console::sink::test::component_spec_compliance ... ok
test sinks::databend::config::tests::parse_config ... ok
test sinks::databend::config::tests::parse_config_with_encoding_compression ... ok
test sinks::doris::config::tests::generate_config ... ok
test sinks::doris::config::tests::test_default_values ... ok
test sinks::elasticsearch::config::tests::parse_aws_auth ... ok
test sinks::elasticsearch::config::tests::generate_config ... ok
test sinks::elasticsearch::config::tests::parse_default_bulk ... ok
test sinks::elasticsearch::config::tests::parse_distribution ... ok
test sinks::elasticsearch::config::tests::parse_mode ... ok
test sinks::elasticsearch::config::tests::parse_opensearch_serverless_with_aws_auth ... ok
test sinks::clickhouse::config::tests::test_format_selection_with_batch_encoding ... ok
test sinks::elasticsearch::config::tests::parse_opensearch_service_type_default ... ok
test sinks::elasticsearch::config::tests::parse_opensearch_service_type_managed ... ok
test sinks::elasticsearch::config::tests::parse_version ... ok
test sinks::elasticsearch::config::tests::parse_opensearch_service_type_serverless ... ok
test sinks::elasticsearch::config::tests::parse_version_auto ... ok
test sinks::elasticsearch::encoder::tests::suppress_type_without_id ... ok
test sinks::elasticsearch::encoder::tests::encodes_fields_with_newlines ... ok
test sinks::elasticsearch::encoder::tests::suppress_type_with_id ... ok
test sinks::elasticsearch::encoder::tests::type_with_id ... ok
test sinks::elasticsearch::encoder::tests::type_without_id ... ok
test sinks::elasticsearch::retry::tests::get_index_error_reason ... ok
test sinks::elasticsearch::retry::tests::handles_error_response ... ok
test sinks::elasticsearch::retry::tests::get_create_error_reason ... ok
test sinks::elasticsearch::retry::tests::handles_partial_error_response ... ok
test sinks::elasticsearch::tests::allows_using_only_fields ... ok
test sinks::elasticsearch::tests::allows_using_except_fields ... ok
test sinks::elasticsearch::tests::decode_bulk_action ... ok
test sinks::elasticsearch::tests::datastream_index_name ... ok
test sinks::elasticsearch::tests::decode_bulk_action_error ... ok
test sinks::elasticsearch::tests::default_bulk_settings ... ok
test sinks::elasticsearch::tests::encode_datastream_mode ... ok
test sinks::elasticsearch::tests::encode_datastream_mode_no_sync ... ok
test sinks::elasticsearch::tests::encode_datastream_mode_no_routing ... ok
test sinks::elasticsearch::tests::encoding_with_external_versioning_without_version_set_does_not_include_version ... ok
test sinks::elasticsearch::tests::encoding_with_external_gte_versioning_with_version_set_includes_version ... ok
test sinks::elasticsearch::tests::encoding_with_external_versioning_with_version_set_includes_version ... ok
test sinks::elasticsearch::tests::sets_create_action_when_configured ... ok
test sinks::elasticsearch::tests::handle_metrics ... ok
test sinks::elasticsearch::tests::test_parse_config_with_conflicting_auth ... ok
test sinks::file::tests::generate_config ... ok
test sinks::file::tests::log_many_partitions ... ok
test sinks::elasticsearch::tests::test_parse_config_with_uri_auth ... ok
test sinks::elasticsearch::tests::test_parse_config_with_config_auth ... ok
test sinks::file::tests::log_single_partition ... ok
test sinks::file::tests::log_single_partition_gzip ... ok
test sinks::file::tests::log_single_partition_zstd ... ok
test sinks::file::tests::metric_many_partitions ... ok
test sinks::file::tests::metric_single_partition ... ok
test sinks::file::tests::trace_single_partition ... ok
test sinks::gcp::cloud_storage::tests::gcs_build_request ... ok
test sinks::gcp::cloud_storage::tests::gcs_content_type_custom ... ok
test sinks::gcp::cloud_storage::tests::gcs_content_type_default ... ok
test sinks::gcp::cloud_storage::tests::gcs_content_type_invalid ... ok
test sinks::gcp::cloud_storage::tests::gcs_encode_event_apply_rules ... ok
test sinks::gcp::cloud_storage::tests::generate_config ... ok
test sinks::gcp::cloud_storage::tests::component_spec_compliance ... ok
test sinks::gcp::pubsub::tests::generate_config ... ok
test sinks::gcp::stackdriver::logs::tests::component_spec_compliance ... ok
test sinks::gcp::stackdriver::logs::tests::correct_request ... ok
test sinks::gcp::stackdriver::logs::tests::encode_inserts_timestamp ... ok
test sinks::gcp::stackdriver::logs::tests::encode_valid ... ok
test sinks::gcp::stackdriver::logs::tests::fails_invalid_log_names ... ok
test config::watcher::tests::file_directory_update ... ok
test sinks::gcp::stackdriver::logs::tests::generate_config ... ok
test sinks::gcp::stackdriver::logs::tests::severity_remaps_strings ... ok
test config::watcher::tests::component_update ... ok
test config::watcher::tests::file_update ... ok
test sinks::gcp::stackdriver::metrics::tests::generate_config ... ok
test config::watcher::tests::recursive_directory_file_update ... ok
test config::watcher::tests::sym_file_update ... ok
test sinks::gcp::tests::serialize_gcp_series ... ok
test sinks::gcs_common::service::tests::merge_base_url_and_key ... ok
test sinks::greptimedb::logs::http_request_builder::tests::test_prepare_url ... ok
test sinks::greptimedb::metrics::config::tests::generate_config ... ok
test sinks::greptimedb::metrics::config::tests::test_config_with_username ... ok
test sinks::greptimedb::metrics::request_builder::tests::test_counter ... ok
test sinks::greptimedb::metrics::request_builder::tests::test_distribution ... ok
test sinks::greptimedb::metrics::request_builder::tests::test_histogram ... ok
test sinks::greptimedb::metrics::request_builder::tests::test_metric_data_to_insert_request ... ok
test sinks::greptimedb::metrics::request_builder::tests::test_metric_data_to_insert_request_new_naming ... ok
test sinks::greptimedb::metrics::request_builder::tests::test_set ... ok
test sinks::greptimedb::metrics::request_builder::tests::test_summary ... ok
test sinks::gcp::stackdriver::metrics::tests::does_not_aggregate_metrics ... ok
test sinks::honeycomb::tests::generate_config ... ok
test sinks::gcp::stackdriver::metrics::tests::component_spec_compliance ... ok
test sinks::http::tests::generate_config ... ok
test sinks::http::tests::http_catches_bad_header_names ... ok
test sinks::http::tests::http_encode_event_ndjson ... ok
test sinks::http::tests::http_encode_event_text ... ok
test sinks::gcp::stackdriver::metrics::tests::sends_multiple_metrics ... ok
test sinks::gcp::stackdriver::metrics::tests::sends_metric ... ok
test sinks::honeycomb::tests::component_spec_compliance ... ok
test sinks::http::tests::http_headers_auth_conflict - should panic ... ok
test sinks::http::tests::http_passes_template_headers ... ok
test sinks::http::tests::http_template_headers_missing_fields ... ok
test sinks::http::tests::fails_on_permanent_error ... ok
test sinks::http::tests::http_validates_normal_headers ... ok
test sinks::http::tests::http_validates_payload_prefix_and_suffix ... ok
test sinks::http::tests::http_validates_payload_prefix_and_suffix_fails_on_invalid_json ... ok
test sinks::http::tests::http_happy_path_post ... ok
test sinks::http::tests::http_happy_path_put ... ok
test sinks::http::tests::http_uri_auth_conflict ... ok
test sinks::http::tests::http_passes_custom_headers ... ok
test sinks::gcp::stackdriver::logs::tests::fails_missing_creds ... ok
test sinks::gcp::pubsub::tests::fails_missing_creds ... ok
test sinks::http::tests::missing_field_in_uri_template ... ok
test sinks::http::tests::json_zstd_compression ... ok
test sinks::http::tests::json_zstd_compression_with_payload_wrapper ... ok
test sinks::http::tests::json_zlib_compression ... ok
test sinks::http::tests::json_gzip_compression ... ok
test sinks::humio::logs::tests::generate_config ... ok
test sinks::humio::metrics::tests::generate_config ... ok
test sinks::http::tests::templateable_uri_auth ... ok
test sinks::http::tests::json_gzip_compression_with_payload_wrapper ... ok
test sinks::humio::metrics::tests::test_endpoint_field ... ok
test sinks::influxdb::logs::tests::generate_config ... ok
test sinks::http::tests::json_zlib_compression_with_payload_wrapper ... ok
test sinks::http::tests::templateable_uri_path ... ok
test line_agg::tests::timeout_resets_on_new_line ... ok
test sinks::humio::metrics::tests::multi_value_tags ... ok
test sinks::influxdb::logs::tests::test_add_tag ... ok
test sinks::influxdb::logs::tests::test_config_measurement_from_namespace ... ok
test sinks::influxdb::logs::tests::test_config_without_tags ... ok
test sinks::influxdb::logs::tests::test_encode_event ... ok
test sinks::influxdb::logs::tests::test_encode_event_apply_rules ... ok
test sinks::influxdb::logs::tests::test_encode_event_v1 ... ok
test sinks::influxdb::logs::tests::test_encode_event_without_tags ... ok
test sinks::influxdb::logs::tests::test_encode_nested_fields ... ok
test sinks::influxdb::metrics::tests::generate_config ... ok
test sinks::influxdb::metrics::tests::test_config_with_tags ... ok
test sinks::humio::metrics::tests::smoke_json ... ok
test sinks::influxdb::metrics::tests::test_encode_counter ... ok
test sinks::influxdb::metrics::tests::test_encode_distribution ... ok
test sinks::influxdb::metrics::tests::test_encode_distribution_empty_stats ... ok
test sinks::influxdb::metrics::tests::test_encode_distribution_summary ... ok
test sinks::influxdb::metrics::tests::test_encode_gauge ... ok
test sinks::influxdb::metrics::tests::test_encode_distribution_zero_counts_stats ... ok
test sinks::influxdb::metrics::tests::test_encode_histogram ... ok
test sinks::influxdb::metrics::tests::test_encode_histogram_v1 ... ok
test sinks::influxdb::metrics::tests::test_encode_set ... ok
test sinks::influxdb::metrics::tests::test_encode_summary ... ok
test sinks::influxdb::metrics::tests::test_encode_summary_v1 ... ok
test sinks::influxdb::tests::tags_order ... ok
test sinks::influxdb::tests::test_encode_fields ... ok
test sinks::influxdb::metrics::tests::test_encode_with_some_tags ... ok
test sinks::influxdb::tests::test_encode_fields_v1 ... ok
test sinks::influxdb::tests::test_encode_string ... ok
test sinks::influxdb::tests::test_encode_tags ... ok
test sinks::influxdb::tests::test_encode_timestamp ... ok
test sinks::influxdb::tests::test_encode_uri_invalid ... ok
test sinks::influxdb::tests::test_encode_uri_valid ... ok
test sinks::influxdb::tests::test_influxdb1_test_healthcheck_uri ... ok
test sinks::influxdb::tests::test_influxdb1_settings ... ok
test sinks::influxdb::tests::test_influxdb1_test_write_uri ... ok
test sinks::influxdb::tests::test_influxdb2_settings ... ok
test sinks::influxdb::tests::test_influxdb2_test_healthcheck_uri ... ok
test sinks::influxdb::tests::test_influxdb2_test_write_uri ... ok
test sinks::influxdb::tests::test_influxdb_settings_both ... ok
test sinks::influxdb::tests::test_influxdb_settings_missing ... ok
test sinks::kafka::config::tests::generate_config ... ok
test sinks::loki::config::tests::valid_label_names ... ok
test sinks::kafka::request_builder::tests::kafka_get_headers ... ok
test sinks::loki::sink::tests::encoder_no_labels ... ok
test sinks::loki::sink::tests::encoder_no_record_labels ... ok
test sinks::loki::sink::tests::encoder_no_ts ... ok
test sinks::loki::sink::tests::encoder_with_dynamic_labels ... ok
test sinks::loki::sink::tests::encoder_with_colliding_dynamic_labels ... ok
test sinks::loki::sink::tests::encoder_with_failing_dynamic_label_expansion ... ok
test sinks::loki::sink::tests::encoder_with_labels ... ok
test sinks::loki::sink::tests::encoder_with_structured_metadata ... ok
test sinks::loki::tests::generate_config ... ok
test sinks::loki::sink::tests::filter_encoder_drop ... ok
test sinks::loki::tests::healthcheck_includes_auth ... ok
test sinks::loki::tests::interpolate_labels ... ok
test sinks::loki::tests::structured_metadata_as_json ... ok
test sinks::loki::tests::timestamp_out_of_range ... ok
test sinks::loki::tests::use_label_from_dropped_fields ... ok
test sinks::mezmo::tests::encode_event ... ok
test sinks::mezmo::tests::generate_config ... ok
test sinks::loki::tests::healthcheck_grafana_cloud ... ok
test sinks::influxdb::logs::tests::smoke_v2 ... ok
test sinks::mqtt::config::test::generate_config ... ok
test sinks::influxdb::logs::tests::smoke_v2_failure ... ok
test sinks::influxdb::logs::tests::smoke_v1 ... ok
test sinks::nats::tests::generate_config ... ok
test sinks::influxdb::logs::tests::smoke_v1_failure ... ok
test sinks::new_relic::tests::generate_config ... ok
test sinks::new_relic::tests::generates_event_api_model_with_dotted_fields ... ok
test sinks::new_relic::tests::generates_event_api_model_with_message_field ... ok
test sinks::new_relic::tests::generates_event_api_model_with_json_inside_message_field ... ok
test sinks::new_relic::tests::generates_event_api_model_without_message_field ... ok
test sinks::new_relic::tests::generates_log_api_model_with_dotted_fields ... ok
test sinks::new_relic::tests::generates_log_api_model_with_timestamp ... ok
test sinks::new_relic::tests::generates_log_api_model_with_message_field ... ok
test sinks::new_relic::tests::generates_log_api_model_without_message_field ... ok
test sinks::new_relic::tests::generates_metric_api_model_incremental_counter ... ok
test sinks::new_relic::tests::generates_metric_api_model_without_timestamp ... ok
test sinks::new_relic::tests::generates_metric_api_model_with_timestamp ... ok
test sinks::opentelemetry::load_balancing::tests::crc32_known_values ... ok
test sinks::opentelemetry::load_balancing::tests::parse_duration_variants ... ok
test sinks::opentelemetry::load_balancing::tests::dns_resolver_resolves_localhost ... ok
test sinks::opentelemetry::load_balancing::tests::ring_deterministic ... ok
test sinks::opentelemetry::load_balancing::tests::ring_empty ... ok
test sinks::opentelemetry::load_balancing::tests::ring_single_endpoint ... ok
test sinks::opentelemetry::load_balancing::tests::ring_distribution ... ok
test sinks::opentelemetry::load_balancing::tests::start_resolver_static_delivers_endpoints ... ok
test sinks::opentelemetry::load_balancing::tests::static_resolver_returns_hostnames ... ok
test sinks::opentelemetry::load_balancing::tests::ring_stability_on_add ... ok
test sinks::opentelemetry::test::generate_config ... ok
test sinks::papertrail::tests::encode_event_apply_rules ... ok
test sinks::papertrail::tests::generate_config ... ok
test sinks::papertrail::tests::component_spec_compliance ... ok
test sinks::postgres::config::tests::generate_config ... ok
test sinks::postgres::config::tests::parse_config ... ok
test sinks::prometheus::collector::tests::adds_timestamp_request ... ok
test sinks::prometheus::collector::tests::encodes_counter_request ... ok
test sinks::prometheus::collector::tests::encodes_counter_text ... ok
test sinks::prometheus::collector::tests::encodes_distribution_summary_request ... ok
test sinks::prometheus::collector::tests::encodes_distribution_request ... ok
test sinks::prometheus::collector::tests::encodes_distribution_text ... ok
test sinks::prometheus::collector::tests::encodes_distribution_summary_text ... ok
test sinks::prometheus::collector::tests::encodes_duplicate_tags ... ok
test sinks::prometheus::collector::tests::encodes_expired_set_request ... ok
test sinks::prometheus::collector::tests::encodes_expired_set_text ... ok
test sinks::prometheus::collector::tests::encodes_gauge_request ... ok
test sinks::prometheus::collector::tests::encodes_gauge_text ... ok
test sinks::prometheus::collector::tests::encodes_histogram_request ... ok
test sinks::prometheus::collector::tests::encodes_histogram_request_with_extra_infinity_bound ... ok
test sinks::prometheus::collector::tests::encodes_histogram_text_with_extra_infinity_bound ... ok
test sinks::prometheus::collector::tests::encodes_histogram_text ... ok
test sinks::prometheus::collector::tests::encodes_set_request ... ok
test sinks::prometheus::collector::tests::encodes_set_text ... ok
test sinks::prometheus::collector::tests::encodes_summary_request ... ok
test sinks::prometheus::collector::tests::encodes_summary_text ... ok
test sinks::prometheus::collector::tests::encodes_timestamp_text ... ok
test sinks::prometheus::collector::tests::encodes_timestamp_request ... ok
test sinks::prometheus::collector::tests::escapes_tags_text ... ok
test sinks::prometheus::exporter::tests::generate_config ... ok
test sinks::prometheus::exporter::tests::metric_ref_from_otel_metric_matches_from_metric ... ok
test enrichment_tables::memory::table::tests::source_spec_compliance ... ok
test sinks::new_relic::tests::component_spec_compliance_data_volume ... ok
test sinks::new_relic::tests::component_spec_compliance ... ok
test sinks::prometheus::exporter::tests::prometheus_missing_auth ... ok
test sinks::mezmo::tests::smoke ... ok
test sinks::mezmo::tests::smoke_fails ... ok
test sinks::prometheus::exporter::tests::prometheus_duplicate_labels ... ok
test sinks::prometheus::exporter::tests::encoding_gzip ... ok
test sinks::prometheus::exporter::tests::sink_absolute ... ok
test sinks::prometheus::exporter::tests::sink_distributions_as_histograms ... ok
test sinks::prometheus::exporter::tests::sink_distributions_as_summaries ... ok
test sinks::prometheus::exporter::tests::sink_gauge_incremental_absolute_mix ... ok
test sinks::prometheus::exporter::tests::prometheus_notls ... ok
test sinks::prometheus::exporter::tests::prometheus_noauth ... ok
test sinks::prometheus::remote_write::tests::aggregates_batches ... ok
test sinks::file::tests::log_reopening ... ok
test sinks::prometheus::remote_write::tests::generate_config ... ok
test sinks::prometheus::remote_write::tests::doesnt_aggregate_batches ... ok
test sinks::prometheus::exporter::tests::prometheus_wrong_auth ... ok
test sinks::prometheus::remote_write::tests::retains_state_between_requests ... ok
test sinks::prometheus::exporter::tests::prometheus_successful_basic_auth ... ok
test sinks::prometheus::remote_write::tests::sends_authenticated_aws_request ... ok
test sinks::prometheus::remote_write::tests::sends_authenticated_request ... ok
test sinks::prometheus::exporter::tests::prometheus_successful_token_auth ... ok
test sinks::pulsar::tests::generate_config ... ok
test sinks::pulsar::tests::pulsar_get_headers ... ok
test sinks::redis::tests::generate_config ... ok
test sinks::redis::tests::redis_log_encode_event ... ok
test sinks::redis::tests::redis_log_event_text ... ok
test sinks::redis::tests::redis_log_event_json ... ok
test sinks::redis::tests::redis_log_scoring ... ok
test sinks::s3_common::config::tests::storage_class_names ... ok
test sinks::prometheus::remote_write::tests::sends_request ... ok
test sinks::sematext::logs::tests::generate_config ... ok
test sinks::redis::tests::redis_metric_encode_event ... ok
test sinks::sematext::metrics::tests::generate_config ... ok
test sinks::sematext::metrics::tests::test_encode_counter_event ... ok
test sinks::sematext::metrics::tests::test_encode_counter_event_no_namespace ... ok
test sinks::sematext::metrics::tests::test_encode_counter_multiple_events ... ok
test sinks::socket::test::generate_config ... ok
test sinks::prometheus::remote_write::tests::sends_templated_x_scope_orgid_header ... ok
test sinks::prometheus::remote_write::tests::sends_x_scope_orgid_header ... ok
test sinks::socket::test::tcp_stream ... ok
test sinks::sematext::metrics::tests::smoke ... ok
test sinks::socket::test::udp_ipv4 ... ok
test sinks::prometheus::exporter::tests::prometheus_tls ... ok
test sinks::socket::test::udp_ipv6 ... ok
test sinks::socket::test::unix_datagram ... ok
test sinks::sematext::logs::tests::smoke ... ok
test sinks::splunk_hec::common::acknowledgements::tests::test_decrement_retries ... ok
test sinks::splunk_hec::common::acknowledgements::tests::test_expire_ack_ids_with_status ... ok
test sinks::splunk_hec::common::acknowledgements::tests::test_finalize_delivered_ack_ids ... ok
test sinks::socket::test::tcp_stream_detects_disconnect ... ok
test sinks::splunk_hec::common::acknowledgements::tests::test_get_ack_query_body ... ok
test sinks::prometheus::exporter::tests::suppress_timestamp ... ok
test sinks::http::tests::retries_on_no_connection ... ok
test sinks::prometheus::exporter::tests::updates_timestamps ... ok
test sinks::splunk_hec::common::service::tests::acknowledgements_disabled_on_server ... ok
test sinks::http::tests::retries_on_temporary_error ... ok
test sinks::splunk_hec::common::service::tests::service_call_without_poll_ready - should panic ... ok
test sinks::splunk_hec::common::service::tests::service_poll_ready_multiple_times ... ok
test sinks::socket::test::metrics_socket ... ok
test sinks::splunk_hec::common::util::tests::test_build_healthcheck_200_response_returns_ok ... ok
test sinks::splunk_hec::common::util::tests::test_build_healthcheck_400_response_returns_error ... ok
test sinks::splunk_hec::common::util::tests::test_build_healthcheck_500_response_returns_error ... ok
test sinks::splunk_hec::common::util::tests::test_build_request_compression_gzip_returns_expected_request ... ok
test sinks::splunk_hec::common::util::tests::test_build_request_compression_none_returns_expected_request ... ok
test sinks::splunk_hec::common::util::tests::test_build_request_uri_invalid_uri_returns_error ... ok
test sinks::splunk_hec::common::util::tests::test_build_uri ... ok
test sinks::splunk_hec::logs::config::tests::generate_config ... ok
test sinks::splunk_hec::logs::tests::splunk_encode_log_event_json ... ok
test sinks::splunk_hec::logs::tests::splunk_encode_log_event_json_timestamps ... ok
test sinks::splunk_hec::logs::tests::splunk_encode_log_event_semantic_meanings ... ok
test sinks::splunk_hec::logs::tests::splunk_encode_log_event_text ... ok
test sinks::splunk_hec::common::util::tests::test_build_healthcheck_503_response_returns_error ... ok
test sinks::splunk_hec::logs::tests::splunk_process_log_event ... ok
test sinks::splunk_hec::metrics::tests::generate_config ... ok
test sinks::splunk_hec::logs::tests::splunk_passthrough_token ... ok
test sinks::splunk_hec::metrics::tests::test_encode_event_gauge_default_namespace_returns_expected_json ... ok
test sinks::splunk_hec::metrics::tests::test_encode_event_gauge_overridden_namespace_returns_expected_json ... ok
test sinks::splunk_hec::metrics::tests::test_encode_event_gauge_returns_expected_json ... ok
test sinks::splunk_hec::metrics::tests::splunk_passthrough_token ... ok
test sinks::splunk_hec::metrics::tests::test_encode_event_gauge_with_namespace_returns_expected_json ... ok
test sinks::splunk_hec::metrics::tests::test_encode_event_templated_counter_returns_expected_json ... ok
test sinks::splunk_hec::metrics::tests::test_encode_event_static_counter_returns_expected_json ... ok
test sinks::splunk_hec::metrics::tests::test_process_metric ... ok
test sinks::splunk_hec::metrics::tests::test_process_metric_unsupported_type_returns_none ... ok
test sinks::statsd::config::test::generate_config ... ok
test sinks::statsd::encoder::tests::tags_order ... ok
test sinks::statsd::encoder::tests::test_encode_absolute_counter ... ok
test sinks::statsd::encoder::tests::test_encode_absolute_gauge ... ok
test sinks::statsd::encoder::tests::test_encode_counter ... ok
test sinks::statsd::encoder::tests::test_encode_distribution ... ok
test sinks::statsd::encoder::tests::test_encode_distribution_aggregated ... ok
test sinks::statsd::encoder::tests::test_encode_gauge ... ok
test sinks::statsd::encoder::tests::test_encode_set ... ok
test sinks::statsd::encoder::tests::test_encode_tags ... ok
test sinks::statsd::normalizer::tests::absolute_aggregated_histogram ... ok
test sinks::statsd::normalizer::tests::absolute_counter ... ok
test sinks::statsd::normalizer::tests::absolute_gauge ... ok
test sinks::statsd::normalizer::tests::absolute_distribution ... ok
test sinks::statsd::normalizer::tests::incremental_aggregated_histogram ... ok
test sinks::statsd::normalizer::tests::absolute_set ... ok
test sinks::statsd::normalizer::tests::incremental_counter ... ok
test sinks::statsd::normalizer::tests::incremental_distribution ... ok
test sinks::statsd::normalizer::tests::incremental_gauge ... ok
test sinks::statsd::normalizer::tests::mixed_aggregated_histogram ... ok
test sinks::statsd::normalizer::tests::incremental_set ... ok
test sinks::statsd::normalizer::tests::mixed_counter ... ok
test sinks::statsd::normalizer::tests::mixed_distribution ... ok
test sinks::statsd::normalizer::tests::mixed_gauge ... ok
test sinks::statsd::normalizer::tests::mixed_set ... ok
test sinks::util::adaptive_concurrency::service::tests::handles_deferral ... ok
test sinks::util::adaptive_concurrency::service::tests::increases_limit ... ok
test sinks::statsd::tests::test_send_to_statsd ... ok
test sinks::util::adaptive_concurrency::service::tests::rapid_decrease ... ok
test sinks::util::adaptive_concurrency::service::tests::startup_conditions ... ok
test sinks::util::adaptive_concurrency::tests::all_tests::file_path_01_tests_data_adaptive_concurrency_constant_link_toml ... ok
test sinks::util::adaptive_concurrency::tests::all_tests::file_path_02_tests_data_adaptive_concurrency_defers_at_high_concurrency_toml ... ok
test sinks::splunk_hec::common::service::tests::acknowledgements_enabled_on_server ... ok
test sinks::splunk_hec::common::service::tests::acknowledgements_enabled_on_server_retry_limit_exceeded ... ok
test sinks::splunk_hec::common::service::tests::acknowledgements_server_changed_event_response_format ... ok
test sinks::splunk_hec::common::service::tests::acknowledgements_server_changed_ack_response_format ... ok
test kubernetes::reflector::tests::deleted_should_not_remove_object_still_in_use ... ok
test sinks::util::adaptive_concurrency::tests::all_tests::file_path_04_tests_data_adaptive_concurrency_drops_at_high_concurrency_toml ... ok
test sinks::util::adaptive_concurrency::tests::all_tests::file_path_03_tests_data_adaptive_concurrency_defers_at_high_rate_toml ... ok
test kubernetes::reflector::tests::deleted_should_remove_object_after_delay ... ok
test sinks::util::adaptive_concurrency::tests::all_tests::file_path_06_tests_data_adaptive_concurrency_fixed_concurrency_simple_toml ... ok
test sinks::util::buffer::compression::test::deserialization_json ... ok
test sinks::util::buffer::compression::test::deserialization_toml ... ok
test sinks::util::buffer::compression::test::from_and_to_value ... ok
test sinks::util::buffer::json::tests::multi_object_array ... ok
test sinks::util::buffer::metrics::split::tests::test_agg_summary_split ... ok
test sinks::util::buffer::metrics::tests::abs_buffer_absolute_aggregated_histograms ... ok
test sinks::util::buffer::metrics::tests::abs_buffer_absolute_counters ... ok
test sinks::util::buffer::metrics::tests::abs_buffer_absolute_gauges ... ok
test sinks::util::buffer::metrics::tests::abs_buffer_aggregated_summaries ... ok
test sinks::util::buffer::metrics::tests::abs_buffer_incremental_aggregated_histograms ... ok
test sinks::util::buffer::metrics::tests::abs_buffer_incremental_counters ... ok
test sinks::util::buffer::metrics::tests::abs_buffer_incremental_distributions ... ok
test sinks::util::buffer::metrics::tests::abs_buffer_incremental_gauges ... ok
test sinks::util::buffer::metrics::tests::abs_buffer_incremental_sets ... ok
test sinks::util::buffer::metrics::tests::compress_distributions ... ok
test sinks::util::buffer::metrics::tests::compress_distributions_doesnt_panic ... ok
test sinks::util::buffer::metrics::tests::inc_buffer_absolute_aggregated_histograms ... ok
test sinks::util::buffer::metrics::tests::inc_buffer_absolute_counters ... ok
test sinks::util::buffer::metrics::tests::inc_buffer_absolute_gauges ... ok
test sinks::util::buffer::metrics::tests::inc_buffer_aggregated_summaries ... ok
test sinks::util::buffer::metrics::tests::inc_buffer_incremental_aggregated_histograms ... ok
test sinks::util::buffer::metrics::tests::inc_buffer_incremental_counters ... ok
test sinks::util::buffer::metrics::tests::inc_buffer_incremental_distributions ... ok
test sinks::util::buffer::metrics::tests::inc_buffer_incremental_gauges ... ok
test sinks::util::buffer::metrics::tests::inc_buffer_incremental_sets ... ok
test sinks::util::adaptive_concurrency::tests::all_tests::file_path_11_tests_data_adaptive_concurrency_slow_send_1_toml ... ok
test sinks::util::adaptive_concurrency::tests::all_tests::file_path_12_tests_data_adaptive_concurrency_slow_send_2_toml ... ok
test sinks::util::buffer::vec::tests::obeys_max_bytes ... ok
test sinks::util::adaptive_concurrency::tests::all_tests::file_path_10_tests_data_adaptive_concurrency_slow_link_toml ... ok
test sinks::util::buffer::vec::tests::obeys_max_events ... ok
test sinks::util::encoding::tests::test_encode_batch_json_single ... ok
test sinks::util::encoding::tests::test_encode_batch_json_empty ... ok
test sinks::util::encoding::tests::test_encode_batch_json_multiple ... ok
test sinks::util::encoding::tests::test_encode_batch_ndjson_empty ... ok
test sinks::util::encoding::tests::test_encode_batch_ndjson_single ... ok
test sinks::util::encoding::tests::test_encode_batch_ndjson_multiple ... ok
test sinks::util::encoding::tests::test_encode_event_json ... ok
test sinks::util::encoding::tests::test_encode_event_text ... ok
test sinks::util::encoding::tests::test_encode_batch_protobuf_single ... ok
test sinks::util::encoding::tests::test_encode_batch_protobuf_multiple ... ok
test sinks::util::http::test::util_http_retry_logic ... ok
test sinks::util::retries::tests::backoff_grows_to_max ... ok
test sinks::util::retries::tests::backoff_grows_to_max_with_jitter ... ok
test sinks::util::retries::tests::service_error_no_retry ... ok
test sinks::util::retries::tests::service_error_retry ... ok
test sinks::util::service::concurrency::is_serialization_reversible ... ok
test sinks::util::service::health::tests::test_health_counters ... ok
test sinks::util::retries::tests::timeout_error ... ok
test sinks::util::service::tests::concurrency_param_works ... ok
test sinks::util::service::tests::into_settings_with_global_defaults ... ok
test sinks::util::service::tests::into_settings_with_overridden_defaults ... ok
test sinks::util::service::tests::into_settings_with_populated_config ... ok
test sinks::util::adaptive_concurrency::tests::all_tests::file_path_05_tests_data_adaptive_concurrency_fixed_concurrency_jitter_toml ... ok
test sinks::util::sink::tests::batch_sink_acking_unordered ... ok
test sinks::util::http::test::util_http_it_makes_http_requests ... ok
test sinks::util::sink::tests::batch_sink_expired_linger ... ok
test sinks::util::sink::tests::batch_sink_flushes_below_min_on_close ... ok
test sinks::util::sink::tests::partition_batch_sink_buffers_by_partition_buffer_size_one ... ok
test sinks::util::sink::tests::partition_batch_sink_buffers_by_partition_buffer_size_two ... ok
test sinks::util::adaptive_concurrency::tests::all_tests::file_path_08_tests_data_adaptive_concurrency_medium_send_toml ... ok
test sinks::util::adaptive_concurrency::tests::all_tests::file_path_07_tests_data_adaptive_concurrency_jittery_link_small_toml ... ok
test sinks::util::sink::tests::partition_batch_sink_submits_after_linger ... ok
test sinks::util::sink::tests::service_sink_doesnt_propagate_error ... ok
test sinks::util::snappy::tests::is_empty ... ok
test sinks::util::statistic::test::sort_unstable_doesnt_panic ... ok
test sinks::util::statistic::test::test_distribution ... ok
test sinks::util::tcp::test::healthcheck ... ok
test sinks::util::adaptive_concurrency::tests::all_tests::file_path_09_tests_data_adaptive_concurrency_shallow_knee_toml ... ok
test sinks::util::unix::tests::basic_unix_datagram_sink ... ok
test sinks::util::unix::tests::unix_sink_healthcheck ... ok
test sinks::util::uri::tests::parse_endpoint ... ok
test sinks::util::uri::tests::protocol_endpoint_parses_urls ... ok
test sinks::webhdfs::test::webhdfs_build_request ... ok
test sinks::webhdfs::test::webhdfs_generate_config ... ok
test sinks::util::service::tests::partition_sink_retry_concurrency ... ok
test sinks::websocket::config::test::generate_config ... ok
test sinks::websocket::sink::tests::test_auth_websocket ... ok
test sinks::websocket::sink::tests::test_websocket ... ok
test sinks::websocket::sink::tests::test_tls_websocket ... ok
test sinks::websocket_server::config::test::generate_config ... ok
test sinks::websocket_server::sink::tests::extra_fixed_metrics_tags ... ok
test sinks::websocket_server::sink::tests::extra_multiple_metrics_tags ... ok
test sinks::websocket_server::sink::tests::sink_spec_compliance ... ok
test sinks::websocket_server::sink::tests::test_client_late_connect_with_acks ... ok
test sinks::util::unix::tests::basic_unix_sink ... ok
test sinks::websocket_server::sink::tests::test_client_late_connect_with_buffering ... ok
test sinks::websocket_server::sink::tests::test_client_late_connect_with_buffering_over_max_events_limit ... ok
test sinks::websocket::sink::tests::test_websocket_reconnect ... ok
test sinks::splunk_hec::common::service::tests::acknowledgements_enabled_on_server_ack_endpoint_failing ... ok
test sources::amqp::test::generate_config ... ok
test sources::amqp::test::output_schema_definition_legacy_namespace ... ok
test sources::amqp::test::output_schema_definition_vector_namespace ... ok
test sinks::websocket_server::sink::tests::test_multiple_clients ... ok
test sources::apache_metrics::parser::test::test_extended ... ok
test sources::apache_metrics::parser::test::test_parse_failure ... ok
test sources::apache_metrics::test::generate_config ... ok
test sources::apache_metrics::parser::test::test_not_extended ... ok
test sinks::util::sink::tests::partition_batch_sink_ordering_per_partition ... ok
test sinks::websocket_server::sink::tests::test_single_client ... ok
test sources::aws_ecs_metrics::parser::test::parse_block_io_metrics ... ok
test sources::aws_ecs_metrics::parser::test::parse_cpu_metrics ... ok
test sources::aws_ecs_metrics::parser::test::parse_memory_metrics ... ok
test sources::aws_ecs_metrics::parser::test::parse_network_metrics ... ok
test sources::aws_ecs_metrics::parser::test::parse_precpu_metrics ... ok
test sinks::websocket_server::sink::tests::test_single_client_late_connect ... ok
test sources::aws_kinesis_firehose::filters::tests::request_construction ... ok
test sources::aws_kinesis_firehose::handlers::tests::correctly_detects_gzipped_content ... ok
test sources::aws_kinesis_firehose::tests::aws_kinesis_firehose_accepts_access_keys_from_list ... ok
test sources::aws_kinesis_firehose::tests::aws_kinesis_firehose_accepts_merged_access_keys ... ok
test sinks::util::buffer::test::gzip ... ok
test sources::aws_kinesis_firehose::tests::aws_kinesis_firehose_forwards_events_gzip_request ... ok
test sources::apache_metrics::test::test_apache_down ... ok
test sources::apache_metrics::test::test_apache_error ... ok
test sources::aws_kinesis_firehose::tests::aws_kinesis_firehose_rejects_bad_access_key ... ok
test sources::aws_kinesis_firehose::tests::aws_kinesis_firehose_rejects_bad_access_key_from_list ... ok
test sources::apache_metrics::test::test_apache_up ... ok
test sources::aws_kinesis_firehose::tests::generate_config ... ok
test sources::aws_ecs_metrics::test::test_aws_ecs_metrics_source ... ok
test sources::aws_s3::sqs::parse_sqs_config ... ok
test sources::aws_s3::sqs::test_key_deserialize ... ok
test sources::aws_s3::sqs::test_s3_sns_testevent ... ok
test sources::aws_s3::sqs::test_s3_testevent ... ok
test sources::aws_s3::test::decode_empty_message_gzip ... ok
test sources::aws_s3::test::determine_compression ... ok
test sources::aws_sqs::source::tests::test_decode_legacy_namespace ... ok
test sources::aws_sqs::source::tests::test_decode_vector_namespace ... ok
test sources::aws_sqs::source::tests::test_get_timestamp ... ok
test sources::datadog_agent::ddsketch::tests::test_ddsketch_basic ... ok
test sources::datadog_agent::ddsketch::tests::test_ddsketch_clear ... ok
test sources::datadog_agent::ddsketch::tests::test_ddsketch_config_key_lower_bound_identity ... ok
test sinks::socket::test::reconnect ... ok
test sources::datadog_agent::ddsketch::tests::test_histogram_interpolation_agent_similarity ... ok
test sources::datadog_agent::ddsketch::tests::test_merge ... ok
test sources::datadog_agent::ddsketch::tests::test_merge_different_configs ... ok
test sources::datadog_agent::ddsketch::tests::test_out_of_range_buckets_error ... ok
test sources::datadog_agent::ddsketch::tests::test_relative_accuracy_fast ... ok
test sources::datadog_agent::ddsketch::tests::test_round_to_even ... ok
test sources::datadog_agent::ddsketch::tests::to_aggregated_histogram_count_and_sum_exact ... ok
test sources::datadog_agent::ddsketch::tests::to_aggregated_histogram_empty_sketch ... ok
test sources::datadog_agent::logs::tests::ddtags_parse_bare ... ok
test sources::datadog_agent::logs::tests::ddtags_parse_empty ... ok
test sources::datadog_agent::logs::tests::ddtags_parse_kv_bare_combo ... ok
test sources::datadog_agent::logs::tests::ddtags_parse_kv_multi ... ok
test sources::datadog_agent::logs::tests::ddtags_parse_kv_one ... ok
test sources::datadog_agent::ddsketch::tests::test_ddsketch_neg_to_pos ... ok
test sources::datadog_agent::tests::api_key_in_header ... ok
test sources::datadog_agent::tests::api_key_in_query_params ... ok
test sources::datadog_agent::tests::decode_series_endpoint_v1 ... ok
test sources::datadog_agent::tests::api_key_in_url ... ok
test sources::aws_kinesis_firehose::tests::event_access_key_passthrough_enabled ... ok
test sources::datadog_agent::tests::decode_series_endpoint_v2 ... ok
test sources::aws_kinesis_firehose::tests::no_authorization_access_key_passthrough_enabled ... ok
test sources::aws_kinesis_firehose::tests::handles_acknowledgement_failure ... ok
test sources::datadog_agent::tests::generate_config ... ok
test sources::datadog_agent::tests::delivery_failure ... ok
test sources::datadog_agent::tests::decode_traces ... ok
test sources::datadog_agent::tests::full_payload_v1 ... ok
test sources::datadog_agent::tests::full_payload_v2 ... ok
test sources::datadog_agent::tests::parse_config_without_send_timeout_secs ... ok
test sources::datadog_agent::tests::parse_config_with_send_timeout_secs ... ok
test sources::datadog_agent::tests::ignores_api_key ... ok
test sources::datadog_agent::tests::ignores_disabled_acknowledgements ... ok
test sources::datadog_agent::tests::no_api_key ... ok
test sources::datadog_agent::tests::series_v1_split_metric_namespace_false ... ok
test sources::datadog_agent::tests::series_v1_split_metric_namespace_true ... ok
test sources::datadog_agent::tests::test_config_outputs ... ok
test sources::datadog_agent::tests::test_config_outputs_with_disabled_data_types ... ok
test sources::datadog_agent::tests::series_v2_split_metric_namespace_false ... ok
test sources::datadog_agent::tests::test_decode_log_body_empty_object ... ok
test sources::datadog_agent::tests::test_decode_log_body_parse_ddtags ... ok
test sources::datadog_agent::tests::test_output_schema_definition_bytes_legacy_namespace ... ok
test sources::datadog_agent::tests::test_output_schema_definition_bytes_vector_namespace ... ok
test sources::datadog_agent::tests::test_output_schema_definition_json_legacy_namespace ... ok
test sources::datadog_agent::tests::series_v2_split_metric_namespace_true ... ok
test sources::datadog_agent::tests::test_output_schema_definition_json_vector_namespace ... ok
test sources::datadog_agent::tests::send_timeout_returns_service_unavailable ... ok
test sources::datadog_agent::tests::split_outputs ... ok
test sources::demo_logs::tests::config_shuffle_lines_not_empty ... ok
test sources::demo_logs::tests::generate_config ... ok
test sinks::splunk_hec::common::service::tests::acknowledgements_max_pending_acks_reached ... ok
test sources::aws_kinesis_firehose::tests::aws_kinesis_firehose_forwards_events_legacy_namespace ... ok
test sources::datadog_agent::tests::test_decode_log_body ... ok
test sources::aws_kinesis_firehose::tests::aws_kinesis_firehose_forwards_events_vector_namespace ... ok
test sources::demo_logs::tests::apache_common_format_generates_output ... ok
test sources::demo_logs::tests::apache_error_format_generates_output ... ok
test sources::demo_logs::tests::host_is_set ... ok
test sources::demo_logs::tests::json_format_generates_output ... ok
test sources::docker_logs::tests::generate_config ... ok
test sources::exec::tests::test_build_command ... ok
test sources::exec::tests::test_build_command_clear_environment ... ok
test sources::exec::tests::test_build_command_custom_environment ... ok
test sources::dnstap::tests::simple_matches_schema ... ok
test sources::exec::tests::test_generate_config ... ok
test sources::exec::tests::test_drop_receiver ... ok
test sources::exec::tests::test_run_command_linux ... ok
test sources::exec::tests::test_scheduled_handle_event ... ok
test sources::exec::tests::test_scheduled_handle_event_vector_namespace ... ok
test sources::exec::tests::test_spawn_reader_thread ... ok
test sources::exec::tests::test_streaming_create_event ... ok
test sources::exec::tests::test_streaming_create_event_vector_namespace ... ok
test sources::file::tests::create_event_produces_otel_log ... ok
test sources::demo_logs::tests::shuffle_demo_logs_adds_sequence ... ok
test sources::demo_logs::tests::shuffle_demo_logs_obeys_interval ... ok
test sources::file::tests::file_exclude_paths ... ok
test sources::file::tests::file_happy_path ... ok
test sinks::splunk_hec::common::service::tests::acknowledgements_disabled_in_config ... ok
test sources::demo_logs::tests::shuffle_demo_logs_copies_lines ... ok
test sources::file::tests::file_key_acknowledged ... ok
test sources::demo_logs::tests::shuffle_demo_logs_limits_count ... ok
test sources::file::tests::file_key_no_acknowledge ... ok
test sources::file::tests::file_multiple_paths ... ok
test sources::file::tests::file_read_empty_lines ... ok
test sinks::util::sink::tests::batch_sink_acking_sequential ... ok
test sinks::util::sink::tests::batch_sink_buffers_messages_until_limit ... ok
test sinks::util::sink::tests::partition_batch_sink_buffers_messages_until_limit ... ok
test sources::file::tests::file_max_line_bytes ... ok
test sources::file::tests::file_start_position_ignore_old_files ... ok
test sources::file::tests::generate_config ... ok
test sources::file::tests::output_schema_definition_legacy_namespace ... ok
test sources::file::tests::output_schema_definition_vector_namespace ... ok
test sources::file::tests::parse_config ... ok
test sources::file::tests::file_rotate ... ok
test sources::file::tests::resolve_data_dir ... ok
test sources::file::tests::file_start_position_server_restart_with_file_rotation_acknowledged ... ok
test sources::file::tests::file_start_position_server_restart_with_file_rotation_no_acknowledge ... ok
test sources::demo_logs::tests::syslog_5424_format_generates_output ... ok
test sources::demo_logs::tests::syslog_3164_format_generates_output ... ok
test sources::file::tests::test_fair_reads ... ok
test sources::file::tests::test_gzipped_file ... ok
test sources::file::tests::file_truncate ... ok
test sources::file::tests::test_non_default_line_delimiter ... ok
test sources::file::tests::test_multi_char_delimiter_split_across_buffer_boundary ... ok
test sources::file::tests::test_non_utf8_encoded_file ... ok
test sources::file_descriptors::file_descriptor::tests::file_descriptor_decodes_line ... ok
test sources::file_descriptors::file_descriptor::tests::file_descriptor_decodes_line_vector_namespace ... ok
test sources::file_descriptors::file_descriptor::tests::file_descriptor_handles_invalid_fd ... ok
test sources::file_descriptors::file_descriptor::tests::generate_config ... ok
test sources::file_descriptors::stdin::tests::generate_config ... ok
test sources::file_descriptors::stdin::tests::stdin_decodes_line ... ok
test sources::file_descriptors::stdin::tests::stdin_decodes_line_vector_namespace ... ok
test sources::fluent::deser::tests::test_invalid_unix_mode ... ok
test sources::fluent::deser::tests::test_tcp_default_mode ... ok
test sources::fluent::deser::tests::test_tcp_explicit_mode ... ok
test sources::fluent::deser::tests::test_valid_unix_mode ... ok
test sources::fluent::message::test::from_binary ... ok
test sources::fluent::message::test::from_bool ... ok
test sources::fluent::message::test::from_ext ... ok
test sources::fluent::message::test::from_f32 ... ok
test sources::fluent::message::test::from_f64 ... ok
test sources::fluent::message::test::from_i64 ... ok
test sources::fluent::message::test::from_i64_array ... ok
test sources::fluent::message::test::from_map ... ok
test sources::fluent::message::test::from_nil ... ok
test sources::fluent::message::test::from_nonstring_key_map ... ok
test sources::fluent::message::test::from_string ... ok
test sources::fluent::message::test::from_u64 ... ok
test sources::fluent::tests::ack_delivered_with_chunk ... ok
test sources::file::tests::test_multi_line_checkpointing ... ok
test sources::fluent::tests::ack_failed_with_chunk ... ok
test sources::fluent::tests::ack_failed_without_chunk ... ok
test sources::fluent::tests::decode_compressed_packed_forward_mode ... ok
test sources::fluent::tests::decode_forward_mode ... ok
test sources::fluent::tests::decode_forward_mode_with_options ... ok
test sources::fluent::tests::decode_message_mode ... ok
test sources::fluent::tests::decode_message_mode_with_options ... ok
test sources::fluent::tests::decode_packed_forward_mode ... ok
test sources::fluent::tests::generate_config ... ok
test sources::fluent::tests::output_schema_definition_legacy_namespace ... ok
test sources::fluent::tests::output_schema_definition_vector_namespace ... ok
test sources::gcp_pubsub::tests::generate_config ... ok
test sources::gcp_pubsub::tests::output_schema_definition_legacy_namespace ... ok
test sources::gcp_pubsub::tests::output_schema_definition_vector_namespace ... ok
test sources::heroku_logs::tests::generate_config ... ok
test sources::heroku_logs::tests::logplex_auth_failure ... ok
test sources::heroku_logs::tests::logplex_doesnt_blow_up_on_bad_framing ... ok
test sources::file::tests::test_multi_line_aggregation_legacy ... ok
test sources::heroku_logs::tests::logplex_handles_malformed_lines ... ok
test sources::heroku_logs::tests::logplex_handles_normal_lines ... ok
test sources::file::tests::test_multi_line_aggregation ... ok
test sources::heroku_logs::tests::logplex_handles_failures ... ok
test sources::fluent::tests::ack_delivered_without_chunk ... ok
test sources::heroku_logs::tests::output_schema_definition_legacy_namespace ... ok
test sources::heroku_logs::tests::output_schema_definition_vector_namespace ... ok
test sources::heroku_logs::tests::logplex_handles_router_log ... ok
test sources::heroku_logs::tests::logplex_ignores_disabled_acknowledgements ... ok
test sources::host_metrics::cgroups::tests::joins_names_and_paths ... ok
test sources::file::tests::remove_file ... ok
test sources::heroku_logs::tests::logplex_query_parameters_wildcard ... ok
test sources::host_metrics::cgroups::tests::parses_legacy_cgroups ... ok
test sources::host_metrics::cpu::tests::generates_cpu_metrics ... ok
test sources::host_metrics::cgroups::tests::parses_modern_cgroups ... ok
test sources::host_metrics::cgroups::tests::parses_hybrid_cgroups_1 ... ok
test sources::host_metrics::cgroups::tests::parses_hybrid_cgroups_2 ... ok
test sources::host_metrics::disk::tests::generates_disk_metrics ... ok
test sources::host_metrics::disk::tests::filters_disk_metrics_on_device ... ok
test sources::file::tests::file_duplicate_processing_after_restart ... ok
test sources::host_metrics::network::tests::generates_network_metrics ... ok
test sources::host_metrics::filesystem::tests::generates_filesystem_metrics ... ok
test sources::host_metrics::network::tests::network_metrics_filters_on_device ... ok
test sources::host_metrics::tcp::tests::parses_nl_inet_hdrs ... ok
test sources::host_metrics::tcp::tests::tcp_metrics_tests ... ignored
test sources::host_metrics::filesystem::tests::filesystem_metrics_filters_on_device ... ok
test sources::host_metrics::tests::filterlist_default_includes_everything ... ok
test sources::host_metrics::filesystem::tests::filesystem_metrics_filters_on_mountpoint ... ok
test sources::host_metrics::filesystem::tests::filesystem_metrics_filters_on_filesystem ... ok
test sources::host_metrics::tests::filterlist_excludes_works ... ok
test sources::host_metrics::tests::filterlist_includes_and_excludes_works ... ok
test sources::host_metrics::tests::filterlist_includes_works ... ok
test sources::host_metrics::tests::generates_loadavg_metrics ... ok
test sources::host_metrics::tests::generates_host_metrics ... ok
test sources::file::tests::file_start_position_server_restart_acknowledged ... ok
test sources::file::tests::file_start_position_server_restart_no_acknowledge ... ok
test sources::host_metrics::cgroups::tests::generates_cgroups_metrics ... ok
test sources::http_client::tests::body_vrl_compilation_error ... ok
test sources::file::tests::test_oldest_first ... ok
test sources::host_metrics::process::tests::generates_process_metrics ... ok
test sources::http_client::tests::http_client_generate_config ... ok
test sources::host_metrics::tests::are_tagged_with_hostname ... ok
test sources::host_metrics::tests::uses_default_namespace ... ok
test sources::host_metrics::tests::uses_custom_namespace ... ok
test sources::file::tests::test_split_reads ... ok
test sources::host_metrics::tests::filters_on_collectors ... ok
test sources::host_metrics::tests::source_compliance ... ok
test sources::http_client::tests::query_vrl_compilation_error ... ok
test sources::http_client::tests::accept_header_override ... ok
test sources::http_client::tests::bytes_decoding ... ok
test sources::http_client::tests::headers_applied ... ok
test sources::http_server::tests::generate_config ... ok
test sources::http_client::tests::json_decoding_character_delimited ... ok
test sources::http_server::tests::http_bytes_codec_preserves_newlines ... ok
test sources::http_server::tests::http_delivery_failure ... ok
test sources::http_server::tests::http_get_method ... ok
test sources::http_server::tests::http_get_with_correct_auth ... ok
test sources::http_server::tests::http_gzip_deflate ... ok
test sources::http_server::tests::http_headers ... ok
test sources::http_server::tests::http_headers_wildcard ... ok
test sources::http_server::tests::http_json_dotted_keys ... ok
test sources::http_client::tests::json_decoding_newline_delimited ... ok
test sources::http_client::tests::post_with_body ... ok
test sources::http_client::tests::post_with_custom_content_type ... ok
test sources::http_server::tests::http_json_values ... ok
test sources::http_server::tests::http_multiline_text ... ok
test sources::http_server::tests::http_multiline_text2 ... ok
test sources::http_server::tests::http_json_parsing ... ok
test sources::http_server::tests::http_path ... ok
test sources::http_server::tests::http_ndjson ... ok
test sources::http_server::tests::http_query ... ok
test sources::http_server::tests::http_query_wildcard ... ok
test sources::http_server::tests::output_schema_definition_legacy_namespace ... ok
test sources::http_server::tests::output_schema_definition_vector_namespace ... ok
test sources::http_server::tests::http_status_code ... ok
test sources::http_server::tests::http_path_no_restriction ... ok
test sources::http_server::tests::validate_remove_duplicates ... ok
test sources::internal_logs::tests::generates_config ... ok
test sources::internal_logs::tests::output_schema_definition_legacy_namespace ... ok
test sources::internal_logs::tests::output_schema_definition_vector_namespace ... ok
test sources::http_client::tests::post_with_vrl_body ... ok
test sources::http_server::tests::http_wrong_path ... ok
test sources::http_server::tests::ignores_disabled_acknowledgements ... ok
test sources::http_client::tests::post_without_body ... ok
test sources::internal_metrics::tests::generate_config ... ok
test sources::http_server::tests::returns_401_when_required_auth_is_missing ... ok
test sources::http_server::tests::returns_401_when_required_auth_is_wrong ... ok
test sources::internal_logs::tests::receives_logs ... ok
test sources::journald::checkpointer_tests::generate_config ... ok
test sources::journald::checkpointer_tests::journald_checkpointer_works ... ok
test sources::journald::tests::command_options ... ok
test sources::internal_metrics::tests::default_namespace ... ok
test sources::internal_metrics::tests::namespace ... ok
test sources::internal_metrics::tests::only_host_tags_by_default ... ok
test sources::journald::tests::filter_matches_works_correctly ... ok
test sources::journald::tests::find_duplicate_match_works_correctly ... ok
test sources::internal_metrics::tests::sets_tags ... ok
test sources::internal_logs::tests::repeated_logs_are_not_rate_limited ... ok
test sources::internal_metrics::tests::captures_internal_metrics ... ok
test sources::journald::tests::emits_cursor ... ok
test sources::journald::tests::excludes_matches ... ok
test sources::journald::tests::excludes_units ... ok
test sources::journald::tests::matches_schema_legacy ... ok
test sources::journald::tests::merges_units_and_matches_option ... ok
test sources::journald::tests::output_schema_definition_legacy_namespace ... ok
test sources::journald::tests::output_schema_definition_vector_namespace ... ok
test sources::journald::tests::handles_checkpoint ... ok
test sources::journald::tests::handles_missing_timestamp ... ok
test sources::journald::tests::handles_acknowledgements ... ok
test sources::http_client::tests::request_query_applied ... ok
test sources::kafka::test::consumer_create_incorrect_auto_offset_reset ... ok
test sources::kafka::test::consumer_create_ok ... ok
test sources::kafka::test::generate_config ... ok
test sources::kafka::test::test_output_schema_definition_legacy_namespace ... ok
test sources::kafka::test::test_output_schema_definition_vector_namespace ... ok
test sources::kubernetes_logs::k8s_paths_provider::tests::test_build_container_exclusion_patterns ... ok
test sources::kubernetes_logs::k8s_paths_provider::tests::test_exclude_paths ... ok
test sources::kubernetes_logs::k8s_paths_provider::tests::test_extract_excluded_containers_for_pod ... ok
test sources::kubernetes_logs::k8s_paths_provider::tests::test_extract_pod_logs_directory ... ok
test sources::kubernetes_logs::k8s_paths_provider::tests::test_include_paths ... ok
test sources::kubernetes_logs::k8s_paths_provider::tests::test_list_pod_log_paths ... ok
test sources::kubernetes_logs::namespace_metadata_annotator::tests::test_annotate_from_metadata ... ok
test sources::kubernetes_logs::node_metadata_annotator::tests::test_annotate_from_metadata ... ok
test sources::kubernetes_logs::parser::cri::tests::test_parsing_valid_legacy_namespace ... ok
test sources::kubernetes_logs::parser::cri::tests::test_parsing_valid_vector_namespace ... ok
test sources::kubernetes_logs::parser::docker::tests::test_parsing_invalid_legacy_namespace ... ok
test sources::kubernetes_logs::parser::docker::tests::test_parsing_invalid_vector_namespace ... ok
test sources::kubernetes_logs::parser::docker::tests::test_parsing_valid_legacy_namespace ... ok
test sources::kubernetes_logs::parser::docker::tests::test_parsing_valid_vector_namespace ... ok
test sources::kubernetes_logs::parser::tests::test_parsing_invalid_legacy_namespace ... ok
test sources::kubernetes_logs::parser::tests::test_parsing_invalid_non_standard_events ... ok
test sources::kubernetes_logs::parser::tests::test_parsing_valid_legacy_namespace ... ok
test sources::exec::tests::test_graceful_shutdown ... ok
test sources::kubernetes_logs::partial_events_merger::test::merge_multiple_events_legacy ... ok
test sources::kubernetes_logs::parser::tests::test_parsing_valid_vector_namespace ... ok
test sources::kubernetes_logs::partial_events_merger::test::merge_multiple_events_legacy_exceeds_max_merged_line_limit ... ok
test sources::kubernetes_logs::partial_events_merger::test::merge_multiple_events_vector_namespace ... ok
test sources::kubernetes_logs::partial_events_merger::test::merge_single_event_legacy ... ok
test sources::kubernetes_logs::partial_events_merger::test::merge_single_event_legacy_exceeds_max_merged_line_limit ... ok
test sources::kubernetes_logs::partial_events_merger::test::merge_single_event_vector_namespace ... ok
test sources::kubernetes_logs::partial_events_merger::test::multiple_events_flush_legacy ... ok
test sources::kubernetes_logs::partial_events_merger::test::multiple_events_flush_legacy_exceeds_max_merged_line_limit ... ok
test sources::kubernetes_logs::path_helpers::tests::test_build_pod_logs_directory ... ok
test sources::kubernetes_logs::path_helpers::tests::test_parse_log_file_path ... ok
test sources::kubernetes_logs::pod_metadata_annotator::tests::test_annotate_from_container ... ok
test sources::kubernetes_logs::pod_metadata_annotator::tests::test_annotate_from_container_status ... ok
test sources::kubernetes_logs::pod_metadata_annotator::tests::test_annotate_from_file_info ... ok
test sources::kubernetes_logs::pod_metadata_annotator::tests::test_annotate_from_metadata ... ok
test sources::kubernetes_logs::pod_metadata_annotator::tests::test_annotate_from_pod_spec ... ok
test sources::kubernetes_logs::pod_metadata_annotator::tests::test_annotate_from_pod_status ... ok
test sources::kubernetes_logs::tests::generate_config ... ok
test sources::kubernetes_logs::tests::prepare_exclude_paths ... ok
test sources::kubernetes_logs::tests::prepare_field_selector ... ok
test sources::kubernetes_logs::tests::prepare_label_selector ... ok
test sources::kubernetes_logs::tests::test_config_insert_namespace_fields_disabled ... ok
test sources::kubernetes_logs::tests::test_config_serialization_insert_namespace_fields ... ok
test sources::kubernetes_logs::tests::test_default_config_insert_namespace_fields ... ok
test sources::kubernetes_logs::tests::test_insert_namespace_fields_affects_behavior ... ok
test sources::kubernetes_logs::tests::test_output_schema_definition_legacy_namespace ... ok
test sources::kubernetes_logs::tests::test_output_schema_definition_vector_namespace ... ok
test sources::logstash::test::generate_config ... ok
test sources::logstash::test::output_schema_definition_legacy_namespace ... ok
test sources::logstash::test::output_schema_definition_vector_namespace ... ok
test sources::logstash::test::test_delivered ... ok
test sources::logstash::test::test_failed ... ok
test sources::logstash::test::v1_decoder_does_not_panic ... ok
test sources::mongodb_metrics::tests::generate_config ... ok
test sources::journald::tests::includes_kernel ... ok
test sources::mqtt::config::test::generate_config ... ok
test sources::nats::config::tests::generate_config ... ok
test sources::nats::config::tests::output_schema_definition_legacy_namespace ... ok
test sources::nats::config::tests::output_schema_definition_vector_namespace ... ok
test sources::nginx_metrics::parser::tests::nginx_stub_status_try_from ... ok
test sources::mongodb_metrics::tests::sanitize_endpoint_test ... ok
test sources::nginx_metrics::tests::generate_config ... ok
test sources::journald::tests::includes_matches ... ok
test sources::journald::tests::includes_units ... ok
test sources::okta::tests::okta_generate_config ... ok
test sources::opentelemetry::tests::generate_config ... ok
test sources::journald::tests::parses_array_fields ... ok
test sources::journald::tests::parses_array_messages ... ok
test sources::journald::tests::parses_string_sequences ... ok
test sources::opentelemetry::tests::http_json_logs ... ok
test sources::opentelemetry::tests::http_json_metrics ... ok
test sources::opentelemetry::tests::http_json_traces ... ok
test sources::opentelemetry::tests::http_logs_emits_otel_native_events ... ok
test sources::opentelemetry::tests::receive_expontential_histogram_metric ... ok
test sources::journald::tests::reads_journal ... ok
test sources::opentelemetry::tests::http_protobuf_response_content_type ... ok
test sources::opentelemetry::tests::http_unsupported_content_type_returns_415 ... ok
test sources::opentelemetry::tests::receive_gauge_metric ... ok
test sources::opentelemetry::tests::receive_grpc_logs_legacy_namespace ... ok
test sources::opentelemetry::tests::receive_grpc_logs_vector_namespace ... ok
test sources::opentelemetry::tests::receive_histogram_metric ... ok
test sources::opentelemetry::tests::receive_histogram_delta_metric ... ok
test sources::opentelemetry::tests::receive_sum_metric ... ok
test sources::postgresql_metrics::tests::generate_config ... ok
test sources::opentelemetry::tests::receive_sum_non_monotonic_metric ... ok
test sources::prometheus::parser::test::adds_timestamp_if_missing ... ok
test sources::prometheus::parser::test::test_aggregation_disabled_all_absolute ... ok
test sources::prometheus::parser::test::test_aggregation_enabled_only_aggregates_counter_and_histogram ... ok
test sources::prometheus::parser::test::test_counter_empty ... ok
test sources::prometheus::parser::test::test_counter ... ok
test sources::prometheus::parser::test::test_counter_nan ... ok
test sources::prometheus::parser::test::test_counter_tags_and_timestamp ... ok
test sources::prometheus::parser::test::test_counter_weird ... ok
test sources::prometheus::parser::test::test_gauge ... ok
test sources::prometheus::parser::test::test_gauge_empty_labels ... ok
test sources::prometheus::parser::test::test_gauge_minimalistic ... ok
test sources::prometheus::parser::test::test_gauge_weird_timestamp ... ok
test sources::prometheus::parser::test::test_gauge_tabs ... ok
test sources::prometheus::parser::test::test_gauge_minimalistic_escaped ... ok
test sources::prometheus::parser::test::test_histogram ... ok
test sources::prometheus::parser::test::test_histogram_backward_values ... ok
test sources::prometheus::parser::test::test_histogram_out_of_order ... ok
test sources::prometheus::parser::test::test_histogram_doesnt_panic ... ok
test sources::prometheus::parser::test::test_mixed_and_loosely_typed ... ok
test sources::prometheus::parser::test::test_mixed ... ok
test sources::prometheus::parser::test::test_histogram_with_labels ... ok
test sources::prometheus::parser::test::test_no_name ... ok
test sources::prometheus::parser::test::test_nginx ... ok
test sources::prometheus::parser::test::test_no_value ... ok
test sources::prometheus::parser::test::test_overrides_label_overwritten ... ok
test sources::prometheus::parser::test::test_overrides_last_value_preferred ... ok
test sources::prometheus::parser::test::test_overrides_nothing_overwritten ... ok
test sources::prometheus::parser::test::test_parse_tag_dont_trim_value ... ok
test sources::prometheus::parser::test::test_parse_tag_error_equals_empty_value ... ok
test sources::prometheus::parser::test::test_parse_tag_error_no_value ... ok
test sources::prometheus::parser::test::test_parse_tag_escaping ... ok
test sources::prometheus::parser::test::test_parse_tag_value_contain_comma ... ok
test sources::prometheus::parser::test::test_parse_tag_value_containing_equals ... ok
test sources::prometheus::parser::test::test_skip_nan_all_valid_values ... ok
test sources::prometheus::parser::test::test_skip_nan_counter_disabled ... ok
test sources::prometheus::parser::test::test_skip_nan_counter_enabled ... ok
test sources::prometheus::parser::test::test_skip_nan_gauge_enabled ... ok
test sources::prometheus::parser::test::test_skip_nan_histogram_bucket_enabled ... ok
test sources::prometheus::parser::test::test_skip_nan_histogram_sum_enabled ... ok
test sources::opentelemetry::tests::receive_summary_metric ... ok
test sources::prometheus::parser::test::test_skip_nan_summary_enabled ... ok
test sources::prometheus::parser::test::test_tag_value_contain_bracket ... ok
test sources::prometheus::pushgateway::test::generate_config ... ok
test sources::prometheus::parser::test::test_summary ... ok
test sources::prometheus::pushgateway::test::test_parse_path_empty_path_invalid ... ok
test sources::prometheus::pushgateway::test::test_parse_path_duplicate_labels_preserves_order ... ok
test sources::prometheus::pushgateway::test::test_parse_path_empty_job_name_invalid ... ok
test sources::prometheus::pushgateway::test::test_parse_path_with_base64_segment_missing_padding ... ok
test sources::prometheus::pushgateway::test::test_parse_path_with_base64_segment ... ok
test sources::prometheus::pushgateway::test::test_parse_path_wrong_number_of_segments ... ok
test sources::prometheus::pushgateway::test::test_parse_simple_path ... ok
test sources::prometheus::remote_write::test::generate_config ... ok
test sources::http_client::tests::request_query_vrl_applied ... ok
test sources::prometheus::remote_write::test::accepts_conflicting_metadata ... ok
test sources::prometheus::remote_write::test::receives_metrics_on_default_path ... ok
test sources::http_client::tests::request_query_vrl_dynamic_updates ... ok
test sources::prometheus::remote_write::test::rejects_conflicting_metadata ... ok
test sources::prometheus::remote_write::test::rejects_metrics_on_wrong_path ... ok
test sources::kubernetes_logs::partial_events_merger::test::multiple_events_expire_legacy ... ok
test sources::prometheus::remote_write::test::rejects_metrics_on_wrong_path_with_skip_nan_enabled ... ok
test sources::prometheus::remote_write::test::test_skip_nan_values_disabled ... ok
test sources::prometheus::scrape::test::generate_config ... ok
test sources::prometheus::remote_write::test::test_skip_nan_values_enabled ... ok
test sources::prometheus::pushgateway::test::test_whole_request_happy_path_http ... ok
test sources::prometheus::pushgateway::test::test_whole_request_happy_path_https ... ok
test sources::prometheus::remote_write::test::receives_metrics_on_custom_path ... ok
test sources::prometheus::remote_write::test::receives_metrics_duplicate_labels ... ok
test sources::prometheus::remote_write::test::receives_metrics_over_http ... ok
test sources::pulsar::tests::generate_config ... ok
test sources::redis::test::generate_config ... ok
test sources::socket::test::generate_config ... ok
test sources::prometheus::remote_write::test::receives_metrics_over_https ... ok
test sources::socket::test::multicast_udp_message ... ok
test sources::socket::test::multicast_and_unicast_udp_message ... ok
test sources::socket::test::parses_new_unix_datagram_perms ... ok
test sources::socket::test::parses_new_unix_stream_config ... ok
test sources::socket::test::parses_old_unix_stream_config ... ok
test sources::socket::test::parses_unix_datagram_config ... ok
test sources::socket::test::parses_unix_datagram_perms ... ok
test sources::socket::test::multiple_multicast_addresses_udp_message ... ok
test sources::socket::test::tcp_continue_after_long_line ... ok
test sources::socket::test::tcp_it_includes_host ... ok
test sources::socket::test::tcp_it_includes_source_type ... ok
test sources::socket::test::tcp_it_includes_vector_namespaced_fields ... ok
test sources::prometheus::scrape::test::test_prometheus_routing ... ok
test sources::socket::test::tcp_shutdown_simple ... ok
test sources::socket::test::tcp_splits_on_newline ... ok
test sources::socket::test::tcp_with_tls ... ok
test sources::socket::test::tcp_connection_close_after_max_duration ... ok
test sources::socket::test::tcp_with_tls_vector_namespace ... ok
test sources::socket::test::udp_invalid_multicast_group ... ok
test sources::socket::test::udp_decodes_chunked_gelf_messages ... ok
test sources::socket::test::udp_it_includes_host ... ok
test sources::socket::test::udp_it_includes_source_type ... ok
test sources::socket::test::udp_it_includes_vector_namespaced_fields ... ok
test sources::socket::test::udp_max_length ... ok
test sources::socket::test::udp_max_length_delimited ... ok
test sources::socket::test::udp_message ... ok
test sources::socket::test::udp_message_preserves_newline ... ok
test sources::socket::test::udp_multiple_packets ... ok
test sources::socket::test::tcp_shutdown_infinite_stream ... ok
test sources::socket::test::udp_shutdown_simple ... ok
test sources::socket::test::unix_datagram_chunked_gelf_messages ... ok
test sources::socket::test::unix_datagram_message ... ok
test sources::socket::test::unix_datagram_message_preserves_newline ... ok
test sources::socket::test::unix_datagram_message_with_vector_namespace ... ok
test sources::socket::test::unix_datagram_multiple_packets ... ok
test sources::socket::test::unix_datagram_socket_test ... ignored
test sources::socket::test::unix_datagram_permissions ... ok
test sources::socket::test::unix_stream_message ... ok
test sources::socket::test::unix_stream_message_splits_on_newline ... ok
test sources::socket::test::unix_stream_message_with_vector_namespace ... ok
test sources::socket::test::unix_stream_multiple_packets ... ok
test sources::socket::test::unix_stream_permissions ... ok
test sources::socket::test::udp_shutdown_infinite_stream ... ok
test sources::prometheus::scrape::test::test_prometheus_do_not_honor_labels ... ok
test sources::prometheus::scrape::test::test_prometheus_duplicate_tags ... ok
test sources::prometheus::scrape::test::test_prometheus_honor_labels ... ok
test sources::prometheus::scrape::test::test_prometheus_request_query ... ok
test sources::splunk_hec::acknowledgements::tests::test_indexer_ack_create_channels ... ok
test sources::splunk_hec::acknowledgements::tests::test_indexer_ack_create_channels_exceed_max_number_of_ack_channels ... ok
test sources::prometheus::scrape::test::test_prometheus_sets_headers ... ok
test sources::splunk_hec::acknowledgements::tests::test_indexer_ack_exceed_max_pending_acks_server_busy ... ok
test sources::splunk_hec::acknowledgements::tests::test_channel_get_ack_id_and_acks_status ... ok
test sources::splunk_hec::acknowledgements::tests::test_channel_get_ack_id_and_nacks_status ... ok
test sources::splunk_hec::tests::ack_exceed_max_number_of_ack_channels ... ok
test sources::splunk_hec::acknowledgements::tests::test_channel_get_ack_id_exceed_max_pending_acks_per_channel ... ok
test sources::splunk_hec::acknowledgements::tests::test_channel_get_acks_status_repeat ... ok
test sources::splunk_hec::tests::ack_json_event ... ok
test sources::splunk_hec::tests::ack_raw_event ... ok
test sources::okta::tests::okta_follows_rel ... ok
test sources::okta::tests::okta_compliance ... ok
test sources::splunk_hec::tests::ack_repeat_ack_query ... ok
test sources::splunk_hec::tests::ack_service_acknowledgements_disabled ... ok
test sources::splunk_hec::tests::channel_header ... ok
test sources::splunk_hec::tests::generate_config ... ok
test sources::splunk_hec::tests::channel_query_param ... ok
test sources::splunk_hec::tests::default ... ok
test sources::splunk_hec::tests::ack_service_accepts_parameterized_content_type ... ok
test sources::splunk_hec::tests::event_service_acknowledgements_enabled_channel_required ... ok
test sources::splunk_hec::tests::handles_newlines ... ok
test sources::splunk_hec::tests::handles_non_utf8 ... ok
test sources::splunk_hec::tests::event_service_token_passthrough_enabled ... ok
test sources::splunk_hec::tests::handles_spaces ... ok
test sources::splunk_hec::tests::health ... ok
test sources::splunk_hec::tests::health_ignores_token ... ok
test sources::splunk_hec::tests::host_test ... ok
test sources::splunk_hec::tests::invalid_token ... ok
test sources::splunk_hec::tests::json_event ... ok
test sources::splunk_hec::tests::json_invalid_path_event ... ok
test sources::splunk_hec::tests::line_to_message ... ok
test sources::splunk_hec::tests::no_authorization ... ok
test sources::splunk_hec::tests::multiple_simple_json_event ... ok
test sources::splunk_hec::tests::no_data ... ok
test sources::splunk_hec::tests::no_authorization_token_passthrough_enabled ... ok
test sources::splunk_hec::tests::output_schema_definition_legacy_namespace ... ok
test sources::splunk_hec::tests::output_schema_definition_vector_namespace ... ok
test sources::splunk_hec::tests::parse_timestamps ... ok
test sources::splunk_hec::tests::multiple_simple_text_event ... ok
test sources::splunk_hec::tests::no_compression_text_event ... ok
test sources::splunk_hec::tests::one_simple_json_event ... ok
test sources::splunk_hec::tests::raw ... ok
test sources::splunk_hec::tests::partial ... ok
test sources::splunk_hec::tests::raw_service_token_passthrough_enabled ... ok
test sources::splunk_hec::tests::one_simple_text_event ... ok
test sources::splunk_hec::tests::root ... ok
test sources::splunk_hec::tests::secondary_token ... ok
test sources::splunk_hec::tests::xff_header_event_with_host_field ... ok
test sources::static_metrics::tests::generate_config ... ok
test sources::splunk_hec::tests::xff_header_raw ... ok
test sources::splunk_hec::tests::xff_header_event_without_host_field ... ok
test sources::statsd::parser::test::basic_counter ... ok
test sources::statsd::parser::test::enhanced_tags ... ok
test sources::statsd::parser::test::sampled_counter ... ok
test sources::statsd::parser::test::sampled_distribution ... ok
test sources::statsd::parser::test::sampled_tagged_histogram ... ok
test sources::statsd::parser::test::sampled_timer ... ok
test sources::statsd::parser::test::sampled_timer_non_converting ... ok
test sources::statsd::parser::test::sanitizing_keys ... ok
test sources::statsd::parser::test::sanitizing_sampling ... ok
test sources::statsd::parser::test::sets ... ok
test sources::statsd::parser::test::signed_gauge ... ok
test sources::statsd::parser::test::simple_gauge ... ok
test sources::statsd::parser::test::tagged_counter ... ok
test sources::statsd::parser::test::tagged_not_sanitized_counter ... ok
test sources::statsd::parser::test::zero_sampled_counter ... ok
test sources::statsd::test::generate_config ... ok
test sources::okta::tests::okta_persists_rel ... ok
test sources::static_metrics::tests::default_empty ... ok
test sources::splunk_hec::tests::ack_exceed_max_pending_acks_per_channel ... ok
test sources::static_metrics::tests::default_namespace ... ok
test sources::static_metrics::tests::default_namespace_multiple_events ... ok
test sources::syslog::test::config_tcp ... ok
test sources::syslog::test::config_tcp_keepalive_empty ... ok
test sources::syslog::test::config_tcp_keepalive_full ... ok
test sources::syslog::test::config_tcp_with_receive_buffer_size ... ok
test sources::syslog::test::config_udp ... ok
test sources::static_metrics::tests::namespace ... ok
test sources::syslog::test::config_udp_with_receive_buffer_size ... ok
test sources::syslog::test::config_unix ... ok
test sources::syslog::test::config_unix_permissions ... ok
test sources::syslog::test::generate_config ... ok
test sources::syslog::test::handles_dots_in_sdata ... ok
test sources::syslog::test::handles_empty_sd_element ... ok
test sources::syslog::test::handles_incorrect_sd_element ... ok
test sources::syslog::test::handles_weird_whitespace ... ok
test sources::syslog::test::output_schema_definition_legacy_namespace ... ok
test sources::static_metrics::tests::sets_custom_tags ... ok
test sources::syslog::test::output_schema_definition_vector_namespace ... ok
test sources::syslog::test::rsyslog_omfwd_tcp_default ... ok
test sources::syslog::test::rsyslog_omfwd_tcp_forward_format ... ok
test sources::syslog::test::syslog_ng_default_network ... ok
test sources::syslog::test::syslog_ng_network_syslog_protocol ... ok
test sources::splunk_hec::acknowledgements::tests::test_indexer_ack_channel_active_does_not_expire ... ok
test sources::statsd::test::test_statsd_udp_conversion_disabled ... ok
test sources::util::framestream::test::blocked_framestream_tcp - should panic ... ok
test sources::util::framestream::test::data_too_soon ... ok
test sources::util::framestream::test::multiple_content_types_tcp ... ok
test sources::statsd::test::test_statsd_error ... ok
test sources::util::framestream::test::multiple_content_types_unix ... ok
test sources::util::framestream::test::normal_framestream_multithreaded_unix ... ok
test sources::util::framestream::test::normal_framestream_multithreaded_tcp ... ok
test sources::util::framestream::test::normal_framestream_singlethreaded_unix ... ok
test sources::util::framestream::test::normal_framestream_singlethreaded_tcp ... ok
test sources::util::framestream::test::unidirectional_framestream ... ok
test sources::util::framestream::test::wrong_content_type ... ok
test sources::util::http::headers::tests::multiple_headers ... ok
test sources::util::http::headers::tests::multiple_headers_wildcard ... ok
test sources::util::http::query::tests::multiple_query_params ... ok
test sources::util::http::query::tests::multiple_query_params_wildcard ... ok
test sources::util::net::tcp::request_limiter::test::test_average_convergence ... ok
test sources::util::net::tcp::request_limiter::test::test_maximum_permits ... ok
test sources::util::net::tcp::request_limiter::test::test_minimum_permits ... ok
test sources::util::net::test::parse_socket_listen_addr_fail ... ok
test sources::util::net::test::parse_socket_listen_addr_success ... ok
test sources::vector::test::generate_config ... ok
test sources::vector::test::output_schema_definition_legacy_namespace ... ok
test sources::vector::test::output_schema_definition_vector_namespace ... ok
test sources::websocket::config::test::generate_config ... ok
test sources::websocket::config::test::output_schema_definition_legacy_namespace ... ok
test sources::websocket::config::test::output_schema_definition_vector_namespace ... ok
test sources::util::framestream::test::test_spawn_event_handling_tasks ... ok
test sources::syslog::test::test_unix_stream_syslog ... ok
test sources::statsd::test::test_statsd_tcp ... ok
test sources::statsd::test::test_statsd_unix ... ok
test sources::statsd::test::test_statsd_udp ... ok
test sources::websocket::source::tests::websocket_source_exits_on_rejected_intial_messsage ... ok
test sources::splunk_hec::acknowledgements::tests::test_indexer_ack_channel_idle_expiration ... ok
test template::tests::get_fields ... ok
test template::tests::is_dynamic ... ok
test template::tests::render_log_dynamic ... ok
test template::tests::render_log_dynamic_missing_key ... ok
test template::tests::render_log_dynamic_multiple_keys ... ok
test template::tests::render_log_dynamic_weird_junk ... ok
test template::tests::render_log_dynamic_with_nested_strftime ... ok
test template::tests::render_log_dynamic_with_postfix ... ok
test template::tests::render_log_dynamic_with_prefix ... ok
test template::tests::render_log_dynamic_with_reverse_nested_strftime ... ok
test template::tests::render_log_dynamic_with_strftime ... ok
test template::tests::render_log_metadata ... ok
test template::tests::render_log_static ... ok
test template::tests::render_log_timestamp_multiple_strftime_style ... ok
test template::tests::render_log_timestamp_strftime_style ... ok
test template::tests::render_log_timestamp_strftime_style_namespace ... ok
test template::tests::render_log_unsigned_int_with_timezone ... ok
test template::tests::render_log_unsigned_number ... ok
test template::tests::render_log_unsigned_number_dynamic ... ok
test template::tests::render_log_with_timezone ... ok
test template::tests::render_metric_timestamp ... ok
test template::tests::render_metric_with_namespace ... ok
test template::tests::render_metric_with_tags ... ok
test template::tests::render_metric_without_namespace ... ok
test template::tests::render_metric_without_tags ... ok
test template::tests::strftime_error ... ok
test template::tests::strftime_non_int_result ... ok
test sources::splunk_hec::acknowledgements::tests::test_indexer_ack_exceed_max_pending_acks_drop_acks ... ok
test topology::schema::tests::test_expanded_definition ... ok
test test_util::tests::retry_until_before_timeout ... ok
test sources::syslog::test::test_udp_syslog ... ok
test topology::test::backpressure::multiple_inputs_backpressure ... ignored
test sources::websocket::source::tests::websocket_source_consume_binary_event ... ok
test topology::test::compliance::test_function_transform_single_event ... ok
test topology::test::compliance::test_sync_transform_single_event ... ok
test topology::test::compliance::test_task_transform_single_event ... ok
test sources::websocket::source::tests::websocket_source_consume_event ... ok
test topology::test::backpressure::serial_backpressure ... ok
test topology::test::backpressure::default_fan_out ... ok
test sources::websocket::source::tests::websocket_source_sends_initial_message ... ok
test topology::test::doesnt_reload::topology_doesnt_reload_new_data_dir ... ok
test topology::test::crash::test_sink_error ... ok
test topology::test::crash::test_sink_panic ... ok
test topology::test::backpressure::buffer_drop_fan_out ... ok
test sources::syslog::test::test_octet_counting_syslog ... ok
test topology::test::reload::topology_old ... ok
test sources::syslog::test::test_tcp_syslog ... ok
test topology::test::reload::topology_rebuild_old ... ok
test topology::test::crash::test_source_error ... ok
test topology::test::crash::test_source_panic ... ok
test topology::test::reload::topology_reuse_old_port ... ok
test sources::websocket::source::tests::websocket_source_exits_on_pong_timeout ... ok
test topology::test::end_to_end::http_to_http_delivered ... ok
text
test topology::test::source_finished::sources_finished ... ok
test topology::test::source_metadata_reaches_sink ... ok
test topology::test::topology_disk_buffer_flushes_on_idle ... ok
test topology::test::topology_healthcheck_not_run_on_unchanged_reload ... ok
test topology::test::topology_healthcheck_run_for_changes_on_reload ... ok
test topology::test::end_to_end::http_to_http_failed ... ok
test topology::test::topology_multiple_sinks ... ok
test topology::test::topology_multiple_sources ... ok
test topology::test::topology_optional_healthcheck_does_not_fail_reload ... ok
test topology::test::topology_optional_healthcheck_does_not_fail_start ... ok
test topology::test::topology_rebuild_connected ... ok
test topology::test::topology_rebuild_connected_transform ... ok
test topology::test::topology_remove_one_sink ... ok
test topology::test::topology_remove_one_source ... ok
test topology::test::topology_remove_one_transform ... ok
test topology::test::topology_required_healthcheck_fails_start ... ok
test topology::test::topology_source_and_sink ... ok
test topology::test::topology_swap_sink ... ok
test topology::test::topology_swap_source ... ok
test topology::test::topology_swap_transform ... ok
test topology::test::reload::topology_readd_input ... ok
test topology::test::topology_transform_chain ... ok
test topology::test::topology_transform_error_definition ... ok
test topology::test::latency_metrics::component_latency_metrics_emitted ... ok
test topology::test::transient_state::closed_source ... ok
test topology::test::transient_state::remove_sink ... ok
test topology::test::transient_state::replace_transform ... ok
test topology::test::transient_state::remove_transform ... ok
test transforms::aggregate::tests::absolute_auto ... ok
test transforms::aggregate::tests::absolute_diff ... ok
test transforms::aggregate::tests::absolute_diff_conflicting_type ... ok
test transforms::aggregate::tests::absolute_max ... ok
test transforms::aggregate::tests::absolute_mean ... ok
test transforms::aggregate::tests::absolute_min ... ok
test transforms::aggregate::tests::absolute_stdev ... ok
test transforms::aggregate::tests::conflicting_kinds ... ok
test transforms::aggregate::tests::conflicting_value_type ... ok
test transforms::aggregate::tests::generate_config ... ok
test transforms::aggregate::tests::count_agg ... ok
test transforms::aggregate::tests::incremental_auto ... ok
test transforms::aggregate::tests::transform_shutdown ... ok
test transforms::aws_ec2_metadata::test::schema_def_with_string_input ... ok
test transforms::aggregate::tests::transform_interval ... ok
test transforms::dedupe::config::tests::dedupe_ignore_age_out ... ok
test transforms::dedupe::config::tests::dedupe_ignore_basic ... ok
test transforms::dedupe::config::tests::dedupe_ignore_field_name_matters ... ok
test transforms::dedupe::config::tests::dedupe_ignore_field_order_irrelevant ... ok
test transforms::dedupe::config::tests::dedupe_ignore_null_vs_missing ... ok
test transforms::dedupe::config::tests::dedupe_ignore_type_matching ... ok
test transforms::dedupe::config::tests::dedupe_ignore_type_matching_nested_objects ... ok
test transforms::dedupe::config::tests::dedupe_ignore_with_metadata_field ... ok
test transforms::dedupe::config::tests::dedupe_match_age_out ... ok
test transforms::dedupe::config::tests::dedupe_ignore_timed_age_out ... ok
test transforms::dedupe::config::tests::dedupe_match_basic ... ok
test transforms::dedupe::config::tests::dedupe_match_field_order_irrelevant ... ok
test transforms::dedupe::config::tests::dedupe_match_field_name_matters ... ok
test transforms::dedupe::config::tests::dedupe_match_null_vs_missing ... ok
test transforms::dedupe::config::tests::dedupe_match_type_matching ... ok
test transforms::dedupe::config::tests::dedupe_match_type_matching_nested_objects ... ok
test transforms::dedupe::config::tests::generate_config ... ok
test transforms::exclusive_route::config::tests::can_serialize_remap ... ok
test transforms::exclusive_route::config::tests::generate_config ... ok
test transforms::exclusive_route::tests::exclusive_routes ... ok
test topology::test::topology_shutdown_while_active ... ok
test transforms::exclusive_route::tests::route_metrics_with_output_tag ... ok
test transforms::filter::test::generate_config ... ok
test transforms::incremental_to_absolute::tests::test_incremental_to_absolute ... ok
test transforms::filter::test::filter_basic ... ok
test transforms::log_to_metric::tests::count_absolute ... ok
test transforms::log_to_metric::tests::count_exceptions ... ok
test transforms::dedupe::config::tests::dedupe_match_timed_age_out ... ok
test transforms::log_to_metric::tests::count_http_requests_with_colliding_dynamic_tags ... ok
test transforms::log_to_metric::tests::count_http_requests_with_tags ... ok
test transforms::log_to_metric::tests::count_http_requests_with_tags_expansion ... ok
test transforms::log_to_metric::tests::generate_config ... ok
test transforms::log_to_metric::tests::count_http_status_codes ... ok
test transforms::log_to_metric::tests::memory_usage_gauge ... ok
test topology::test::topology_swap_transform_is_atomic ... ok
test transforms::log_to_metric::tests::multi_value_tags_expansion_yaml ... ok
test transforms::log_to_metric::tests::multi_value_tags_yaml ... ignored, Metric round-trip through OtelMetric is lossy
test transforms::log_to_metric::tests::multi_value_tags_toml ... ok
test transforms::log_to_metric::tests::multiple_metrics_with_multiple_templates ... ignored, Metric round-trip through OtelMetric is lossy
test transforms::log_to_metric::tests::multiple_metrics ... ok
test sources::file::tests::file_start_position_server_restart_unfinalized ... ok
test transforms::log_to_metric::tests::response_time_histogram ... ignored, Metric round-trip through OtelMetric is lossy
test transforms::log_to_metric::tests::response_time_summary ... ignored, Metric round-trip through OtelMetric is lossy
test transforms::log_to_metric::tests::sum_order_amounts ... ok
test transforms::log_to_metric::tests::transform_all_metrics_optional_namespace ... ok
test transforms::log_to_metric::tests::transform_counter ... ok
test transforms::log_to_metric::tests::transform_distribution_histogram ... ignored, Metric round-trip through OtelMetric is lossy
test transforms::log_to_metric::tests::transform_distribution_summary ... ignored, Metric round-trip through OtelMetric is lossy
test transforms::log_to_metric::tests::transform_gauge ... ok
test transforms::log_to_metric::tests::transform_histogram ... ok
test transforms::log_to_metric::tests::transform_set ... ignored, Metric round-trip through OtelMetric is lossy
test transforms::log_to_metric::tests::transform_summary ... ok
test transforms::log_to_metric::tests::user_ip_set ... ignored, Metric round-trip through OtelMetric is lossy
test transforms::lua::test::generate_config ... ok
test transforms::lua::v1::tests::lua_add_field ... ok
test transforms::lua::v1::tests::lua_boolean_value ... ok
test transforms::lua::v1::tests::lua_drop_event ... ok
test transforms::lua::v1::tests::lua_integer_value ... ok
test transforms::lua::v1::tests::lua_load_file ... ok
test transforms::lua::v1::tests::lua_non_coercible_value ... ok
test transforms::lua::v1::tests::lua_non_string_key_read ... ok
test transforms::lua::v1::tests::lua_non_string_key_write ... ok
test transforms::lua::v1::tests::lua_numeric_value ... ok
test transforms::lua::v1::tests::lua_pairs ... ok
test transforms::lua::v1::tests::lua_read_empty_field ... ok
test transforms::lua::v1::tests::lua_read_field ... ok
test transforms::lua::v1::tests::lua_remove_field ... ok
test transforms::lua::v1::tests::lua_script_error ... ok
test transforms::lua::v1::tests::lua_syntax_error ... ok
test transforms::lua::v2::tests::lua_add_field ... ok
test transforms::lua::v2::tests::lua_boolean_value ... ok
test transforms::lua::v2::tests::lua_drop_event ... ok
test topology::test::reload::topology_reload_component ... ok
test transforms::lua::v2::tests::lua_duplicate_event ... ok
test transforms::lua::v2::tests::lua_integer_value ... ok
test transforms::lua::v2::tests::lua_load_file ... ok
test transforms::lua::v2::tests::lua_metric ... ok
test transforms::lua::v2::tests::lua_multiple_events ... ok
test transforms::lua::v2::tests::lua_non_coercible_value ... ok
test transforms::lua::v2::tests::lua_non_string_key_write ... ok
test transforms::lua::v2::tests::lua_non_string_key_read ... ok
test transforms::lua::v2::tests::lua_numeric_value ... ok
test transforms::lua::v2::tests::lua_pairs ... ok
test transforms::lua::v2::tests::lua_read_empty_field ... ok
test transforms::lua::v2::tests::lua_read_field ... ok
test transforms::lua::v2::tests::lua_remove_field ... ok
test transforms::lua::v2::tests::lua_script_error ... ok
test transforms::lua::v2::tests::lua_syntax_error ... ok
test transforms::metric_to_log::tests::generate_config ... ok
test transforms::lua::v2::tests::lua_runs_init_hook ... ok
test transforms::metric_to_log::tests::transform_distribution ... ignored, Metric round-trip through OtelMetric is lossy
test transforms::metric_to_log::tests::transform_counter ... ok
test transforms::metric_to_log::tests::transform_gauge ... ok
test transforms::metric_to_log::tests::transform_set ... ignored, Metric round-trip through OtelMetric is lossy
test transforms::metric_to_log::tests::transform_histogram ... ok
test transforms::metric_to_log::tests::transform_summary ... ok
test sources::websocket::source::tests::websocket_source_exits_on_connection_timeout ... ok
test transforms::reduce::config::test::generate_config ... ok
test transforms::reduce::merge_strategy::test::initial_values ... ok
test transforms::reduce::merge_strategy::test::merging_values ... ok
test transforms::reduce::transform::test::arrays ... ok
test transforms::reduce::transform::test::invalid_merge_strategies_containing_indexes ... ok
test transforms::reduce::transform::test::max_events ... ok
test transforms::reduce::transform::test::max_events_0 ... ok
test transforms::reduce::transform::test::max_events_1 ... ok
test transforms::reduce::transform::test::merge_objects_in_array ... ok
test transforms::reduce::transform::test::merged_quoted_path ... ok
test transforms::reduce::transform::test::missing_group_by ... ok
test transforms::reduce::transform::test::reduce_from_condition ... ok
test transforms::reduce::transform::test::reduce_merge_strategies ... ok
test transforms::reduce::transform::test::strategy_path_with_nested_fields ... ignored, OtelLog round-trip changes nested field structure
test transforms::remap::tests::check_remap_abort ... ok
test transforms::remap::tests::check_remap_abort_drop ... ok
test transforms::remap::tests::check_remap_adds ... ok
test transforms::remap::tests::check_remap_array_vector_namespace ... ignored, VRL/OtelLog integration needs deeper adaptation
test transforms::remap::tests::check_remap_branching ... ignored, VRL/OtelLog integration needs deeper adaptation
test transforms::remap::tests::check_remap_branching_abort_with_message ... ok
test transforms::remap::tests::check_remap_branching_assert_with_message ... ok
test transforms::remap::tests::check_remap_branching_disabled ... ok
test transforms::remap::tests::check_remap_branching_metrics_with_output ... ok
test transforms::remap::tests::check_remap_doesnt_share_state_between_events ... ok
test transforms::remap::tests::check_remap_emits_multiple ... ok
test transforms::remap::tests::check_remap_error ... ok
test transforms::remap::tests::check_remap_error_drop ... ok
test transforms::remap::tests::check_remap_error_infallible ... ok
test transforms::remap::tests::check_remap_metric ... ignored, VRL/OtelLog integration needs deeper adaptation
test transforms::remap::tests::config_both_source_and_file ... ok
test transforms::remap::tests::config_missing_source_and_file ... ok
test transforms::remap::tests::do_not_emit_metrics_when_dropped ... ok
test transforms::remap::tests::do_not_emit_metrics_when_errored ... ok
test sources::websocket::source::tests::websocket_source_reconnects_after_disconnect ... ok
test transforms::remap::tests::generate_config ... ok
test transforms::remap::tests::remap_return_raw_string_vector_namespace ... ignored, VRL/OtelLog integration needs deeper adaptation
test transforms::remap::tests::remap_timezone_fallback ... ignored, VRL/OtelLog integration needs deeper adaptation
test transforms::remap::tests::remap_timezone_override ... ignored, VRL/OtelLog integration needs deeper adaptation
test transforms::remap::tests::test_array_and_non_object_events ... ok
test transforms::remap::tests::test_combined_transforms_simple ... ok
test transforms::remap::tests::test_combined_transforms_unnest ... ok
test transforms::remap::tests::test_error_outputs ... ok
test transforms::remap::tests::emits_internal_events ... ok
test transforms::remap::tests::test_non_object_events ... ok
test transforms::route::test::can_serialize_remap ... ok
test transforms::remap::tests::test_transform_abort ... ok
test transforms::route::test::generate_config ... ok
test transforms::route::test::route_no_unmatched_output ... ok
test transforms::route::test::route_pass_all_route_conditions ... ok
test transforms::route::test::route_pass_no_route_condition ... ok
test transforms::route::test::route_pass_one_route_condition ... ok
test transforms::sample::config::tests::generate_config ... ok
test transforms::route::test::route_metrics_with_output_tag ... ok
test transforms::metric_to_log::tests::transform_tag_single_encoding ... ok
test transforms::metric_to_log::tests::transform_tag_full_encoding ... ok
test transforms::sample::tests::emits_internal_events ... ok
test transforms::sample::tests::handles_trace_event ... ok
test transforms::sample::tests::always_passes_events_matching_pass_list ... ok
test transforms::sample::tests::handles_group_by ... ok
test transforms::sample::tests::handles_key_field ... ok
test transforms::sample::tests::hash_consistently_samples_the_same_events ... ok
test transforms::tag_cardinality_limit::tag_value_set::tests::test_accepted_tag_value_set_exact ... ok
test transforms::tag_cardinality_limit::tag_value_set::tests::test_accepted_tag_value_set_probabilistic ... ok
test transforms::tag_cardinality_limit::tests::drop_event_checks_all_tags1 ... ok
test transforms::tag_cardinality_limit::tests::drop_event_checks_all_tags2 ... ok
test transforms::tag_cardinality_limit::tests::generate_config ... ok
test transforms::tag_cardinality_limit::tests::tag_cardinality_limit_drop_event_bloom ... ok
test transforms::tag_cardinality_limit::tests::tag_cardinality_limit_drop_event_hashset ... ok
test transforms::tag_cardinality_limit::tests::tag_cardinality_limit_drop_tag_bloom ... ok
test transforms::tag_cardinality_limit::tests::tag_cardinality_limit_drop_tag_bloom_multi_value ... ok
test transforms::tag_cardinality_limit::tests::tag_cardinality_limit_drop_tag_hashset ... ok
test transforms::tag_cardinality_limit::tests::tag_cardinality_limit_drop_tag_hashset_multi_value ... ok
test transforms::tag_cardinality_limit::tests::tag_cardinality_limit_separate_value_limit_per_metric_name_bloom ... ok
test topology::test::reload::topology_disk_buffer_conflict ... ok
test transforms::tag_cardinality_limit::tests::tag_cardinality_limit_separate_value_limit_per_tag_bloom ... ok
test transforms::tag_cardinality_limit::tests::tag_cardinality_limit_separate_value_limit_per_metric_name_hashset ... ok
test transforms::throttle::config::tests::generate_config ... ok
test transforms::tag_cardinality_limit::tests::tag_cardinality_limit_separate_value_limit_per_tag_hashset ... ok
test transforms::throttle::transform::tests::throttle_buckets ... ok
test transforms::throttle::transform::tests::emits_internal_events ... ok
test transforms::throttle::transform::tests::throttle_events ... ok
test transforms::trace_to_log::tests::generate_config ... ok
test transforms::throttle::transform::tests::throttle_exclude ... ok
test transforms::trace_to_log::tests::transform_trace ... ok
test transforms::window::transform::test::test_10_in_50 ... ok
test transforms::window::transform::test::test_50_in_10 ... ok
test transforms::window::transform::test::test_before_and_after ... ok
test transforms::window::transform::test::test_flush ... ok
test transforms::window::transform::test::test_pass ... ok
test transforms::window::transform::test::test_flush_and_pass ... ok
test transforms::window::transform::test::test_zero_before ... ok
test transforms::window::transform::test::test_zero_flush ... ok
test utilization::tests::test_always_waiting_utilization ... ok
test utilization::tests::test_never_waiting_utilization ... ok
test utilization::tests::test_normal_utilization_within_bounds ... ok
test utilization::tests::test_utilization_in_bounds_on_late_start ... ok
test utilization::tests::test_utilization_in_bounds_on_late_stop ... ok
test transforms::window::transform::test::test_zero_pass ... ok
test vrl_migrate::tests::diff_empty_when_unchanged ... ok
test vrl_migrate::tests::diff_shows_changes ... ok
test vrl_migrate::tests::log01_message_not_in_string ... ok
test vrl_migrate::tests::log01_message_in_function ... ok
test vrl_migrate::tests::log01_message_not_prefix ... ok
test vrl_migrate::tests::log01_message_standalone ... ok
test vrl_migrate::tests::log02_timestamp ... ok
test vrl_migrate::tests::log02_timestamp_not_prefix ... ok
test vrl_migrate::tests::log04_host ... ok
test vrl_migrate::tests::log03_source_type ... ok
test vrl_migrate::tests::log04_host_not_prefix ... ok
test vrl_migrate::tests::log05_tags_standalone ... ok
test vrl_migrate::tests::log07_level ... ok
test vrl_migrate::tests::log06_tags_key ... ok
test vrl_migrate::tests::log07_severity ... ok
test vrl_migrate::tests::met02_namespace ... ok
test vrl_migrate::tests::met05_kind_review ... ok
test vrl_migrate::tests::met06_counter_value ... ok
test vrl_migrate::tests::met07_gauge_value ... ok
test vrl_migrate::tests::meta01_source_type ... ok
test vrl_migrate::tests::meta02_source_id ... ok
test vrl_migrate::tests::multi_line_program ... ok
test vrl_migrate::tests::preserves_comments ... ok
test vrl_migrate::tests::preserves_strings ... ok
test vrl_migrate::tests::sem02_exists_message ... ok
test vrl_migrate::tests::sem03_del_message ... ok
test vrl_migrate::tests::sem06_is_string_message ... ok
test vrl_migrate::tests::sem05_parse_json_message ... ok
test vrl_migrate::tests::sem07_assert_eq_message ... ok
test transforms::sample::tests::sample_at_rates_higher_then_half ... ok
test transforms::sample::tests::sampler_adds_sampling_rate_to_event ... ok
test topology::test::reload::topology_reload_with_new_components ... ok
test topology::test::reload::topology_reuse_old_port_cross_dependency ... ok
test topology::test::reload::topology_reuse_old_port_sink ... ok
test transforms::sample::tests::hash_samples_at_roughly_the_configured_rate ... ok
test transforms::log_to_metric::tests::count_exceptions_no_match ... ok
test transforms::log_to_metric::tests::missing_field ... ok
test transforms::log_to_metric::tests::null_field ... ok
test transforms::log_to_metric::tests::parse_failure ... ok

test result: ok. 1790 passed; 0 failed; 21 ignored; 0 measured; 0 filtered out; finished in 43.06s


running 0 tests

test result: ok. 0 passed; 0 failed; 0 ignored; 0 measured; 0 filtered out; finished in 0.00s


running 3 tests
test top::metrics::displays_pipeline_topology_and_metrics ... ok
test top::reload::watch_mode_auto_reloads ... ok
test top::reload::config_reload_updates_components ... ok

test result: ok. 3 passed; 0 failed; 0 ignored; 0 measured; 0 filtered out; finished in 2.93s


running 4 tests
test src/expiring_hash_map.rs - expiring_hash_map::ExpiringHashMap<K,V>::next_expired (line 152) ... ignored
test src/test_util/addr.rs - test_util::addr::next_addr_for_ip (line 61) ... ignored
test src/topology/builder.rs - topology::builder::TopologyPiecesBuilder (line 971) ... ignored
test src/expiring_hash_map.rs - expiring_hash_map::ExpiringHashMap<K,V>::next_expired (line 169) ... ok

test result: ok. 1 passed; 0 failed; 3 ignored; 0 measured; 0 filtered out; finished in 0.18s

all doctests ran in 36.54s; merged doctests compilation took 35.49s
